Component: Arm Compiler for Embedded 6.18 Tool: armlink [5e4cc100]

==============================================================================

Section Cross References

    startup_stm32h750xx.o(STACK) refers (Special) to heapauxi.o(.text) for __use_two_region_memory
    startup_stm32h750xx.o(HEAP) refers (Special) to heapauxi.o(.text) for __use_two_region_memory
    startup_stm32h750xx.o(RESET) refers (Special) to heapauxi.o(.text) for __use_two_region_memory
    startup_stm32h750xx.o(RESET) refers to startup_stm32h750xx.o(STACK) for __initial_sp
    startup_stm32h750xx.o(RESET) refers to startup_stm32h750xx.o(.text) for Reset_Handler
    startup_stm32h750xx.o(RESET) refers to stm32h7xx_it.o(.text.NMI_Handler) for NMI_Handler
    startup_stm32h750xx.o(RESET) refers to stm32h7xx_it.o(.text.HardFault_Handler) for HardFault_Handler
    startup_stm32h750xx.o(RESET) refers to stm32h7xx_it.o(.text.MemManage_Handler) for MemManage_Handler
    startup_stm32h750xx.o(RESET) refers to stm32h7xx_it.o(.text.BusFault_Handler) for BusFault_Handler
    startup_stm32h750xx.o(RESET) refers to stm32h7xx_it.o(.text.UsageFault_Handler) for UsageFault_Handler
    startup_stm32h750xx.o(RESET) refers to stm32h7xx_it.o(.text.SVC_Handler) for SVC_Handler
    startup_stm32h750xx.o(RESET) refers to stm32h7xx_it.o(.text.DebugMon_Handler) for DebugMon_Handler
    startup_stm32h750xx.o(RESET) refers to stm32h7xx_it.o(.text.PendSV_Handler) for PendSV_Handler
    startup_stm32h750xx.o(RESET) refers to stm32h7xx_it.o(.text.SysTick_Handler) for SysTick_Handler
    startup_stm32h750xx.o(RESET) refers to stm32h7xx_it.o(.text.EXTI1_IRQHandler) for EXTI1_IRQHandler
    startup_stm32h750xx.o(.text) refers (Special) to heapauxi.o(.text) for __use_two_region_memory
    startup_stm32h750xx.o(.text) refers to system_stm32h7xx.o(.text.SystemInit) for SystemInit
    startup_stm32h750xx.o(.text) refers to __main.o(!!!main) for __main
    startup_stm32h750xx.o(.text) refers to startup_stm32h750xx.o(HEAP) for Heap_Mem
    startup_stm32h750xx.o(.text) refers to startup_stm32h750xx.o(STACK) for Stack_Mem
    main.o(.text.main) refers to main.o(.text.SystemClock_Config) for SystemClock_Config
    main.o(.text.main) refers to stm32h7xx_ll_exti.o(.text.LL_EXTI_Init) for LL_EXTI_Init
    main.o(.text.main) refers to stm32h7xx_ll_gpio.o(.text.LL_GPIO_Init) for LL_GPIO_Init
    main.o(.text.main) refers to stm32h7xx_ll_lpuart.o(.text.LL_LPUART_Init) for LL_LPUART_Init
    main.o(.ARM.exidx.text.main) refers to main.o(.text.main) for [Anonymous Symbol]
    main.o(.text.SystemClock_Config) refers to stm32h7xx_ll_utils.o(.text.LL_Init1msTick) for LL_Init1msTick
    main.o(.text.SystemClock_Config) refers to stm32h7xx_ll_utils.o(.text.LL_SetSystemCoreClock) for LL_SetSystemCoreClock
    main.o(.ARM.exidx.text.SystemClock_Config) refers to main.o(.text.SystemClock_Config) for [Anonymous Symbol]
    main.o(.ARM.exidx.text.Error_Handler) refers to main.o(.text.Error_Handler) for [Anonymous Symbol]
    stm32h7xx_it.o(.ARM.exidx.text.NMI_Handler) refers to stm32h7xx_it.o(.text.NMI_Handler) for [Anonymous Symbol]
    stm32h7xx_it.o(.ARM.exidx.text.HardFault_Handler) refers to stm32h7xx_it.o(.text.HardFault_Handler) for [Anonymous Symbol]
    stm32h7xx_it.o(.ARM.exidx.text.MemManage_Handler) refers to stm32h7xx_it.o(.text.MemManage_Handler) for [Anonymous Symbol]
    stm32h7xx_it.o(.ARM.exidx.text.BusFault_Handler) refers to stm32h7xx_it.o(.text.BusFault_Handler) for [Anonymous Symbol]
    stm32h7xx_it.o(.ARM.exidx.text.UsageFault_Handler) refers to stm32h7xx_it.o(.text.UsageFault_Handler) for [Anonymous Symbol]
    stm32h7xx_it.o(.ARM.exidx.text.SVC_Handler) refers to stm32h7xx_it.o(.text.SVC_Handler) for [Anonymous Symbol]
    stm32h7xx_it.o(.ARM.exidx.text.DebugMon_Handler) refers to stm32h7xx_it.o(.text.DebugMon_Handler) for [Anonymous Symbol]
    stm32h7xx_it.o(.ARM.exidx.text.PendSV_Handler) refers to stm32h7xx_it.o(.text.PendSV_Handler) for [Anonymous Symbol]
    stm32h7xx_it.o(.ARM.exidx.text.SysTick_Handler) refers to stm32h7xx_it.o(.text.SysTick_Handler) for [Anonymous Symbol]
    stm32h7xx_it.o(.ARM.exidx.text.EXTI1_IRQHandler) refers to stm32h7xx_it.o(.text.EXTI1_IRQHandler) for [Anonymous Symbol]
    stm32h7xx_ll_exti.o(.ARM.exidx.text.LL_EXTI_DeInit) refers to stm32h7xx_ll_exti.o(.text.LL_EXTI_DeInit) for [Anonymous Symbol]
    stm32h7xx_ll_exti.o(.ARM.exidx.text.LL_EXTI_Init) refers to stm32h7xx_ll_exti.o(.text.LL_EXTI_Init) for [Anonymous Symbol]
    stm32h7xx_ll_exti.o(.ARM.exidx.text.LL_EXTI_StructInit) refers to stm32h7xx_ll_exti.o(.text.LL_EXTI_StructInit) for [Anonymous Symbol]
    stm32h7xx_ll_gpio.o(.ARM.exidx.text.LL_GPIO_DeInit) refers to stm32h7xx_ll_gpio.o(.text.LL_GPIO_DeInit) for [Anonymous Symbol]
    stm32h7xx_ll_gpio.o(.ARM.exidx.text.LL_GPIO_Init) refers to stm32h7xx_ll_gpio.o(.text.LL_GPIO_Init) for [Anonymous Symbol]
[...]
    stm32h7xx_ll_rcc.o(.text.LL_RCC_GetLPUARTClockFreq) refers to stm32h7xx_ll_rcc.o(.text.LL_RCC_GetPLL1ClockFreq) for LL_RCC_GetPLL1ClockFreq
    stm32h7xx_ll_rcc.o(.text.LL_RCC_GetLPUARTClockFreq) refers to stm32h7xx_ll_rcc.o(.rodata.LL_RCC_PrescTable) for LL_RCC_PrescTable
    stm32h7xx_ll_rcc.o(.ARM.exidx.text.LL_RCC_GetLPUARTClockFreq) refers to stm32h7xx_ll_rcc.o(.text.LL_RCC_GetLPUARTClockFreq) for [Anonymous Symbol]
    stm32h7xx_ll_rcc.o(.text.LL_RCC_GetI2CClockFreq) refers to stm32h7xx_ll_rcc.o(.text.LL_RCC_GetPLL3ClockFreq) for LL_RCC_GetPLL3ClockFreq
    stm32h7xx_ll_rcc.o(.text.LL_RCC_GetI2CClockFreq) refers to stm32h7xx_ll_rcc.o(.text.LL_RCC_GetPLL1ClockFreq) for LL_RCC_GetPLL1ClockFreq
    stm32h7xx_ll_rcc.o(.text.LL_RCC_GetI2CClockFreq) refers to stm32h7xx_ll_rcc.o(.rodata.LL_RCC_PrescTable) for LL_RCC_PrescTable
    stm32h7xx_ll_rcc.o(.ARM.exidx.text.LL_RCC_GetI2CClockFreq) refers to stm32h7xx_ll_rcc.o(.text.LL_RCC_GetI2CClockFreq) for [Anonymous Symbol]
    stm32h7xx_ll_rcc.o(.text.LL_RCC_GetLPTIMClockFreq) refers to stm32h7xx_ll_rcc.o(.text.LL_RCC_GetPLL3ClockFreq) for LL_RCC_GetPLL3ClockFreq
    stm32h7xx_ll_rcc.o(.text.LL_RCC_GetLPTIMClockFreq) refers to stm32h7xx_ll_rcc.o(.text.LL_RCC_GetPLL2ClockFreq) for LL_RCC_GetPLL2ClockFreq
    stm32h7xx_ll_rcc.o(.text.LL_RCC_GetLPTIMClockFreq) refers to stm32h7xx_ll_rcc.o(.text.LL_RCC_GetPLL1ClockFreq) for LL_RCC_GetPLL1ClockFreq
    stm32h7xx_ll_rcc.o(.text.LL_RCC_GetLPTIMClockFreq) refers to stm32h7xx_ll_rcc.o(.rodata.LL_RCC_PrescTable) for LL_RCC_PrescTable
    stm32h7xx_ll_rcc.o(.ARM.exidx.text.LL_RCC_GetLPTIMClockFreq) refers to stm32h7xx_ll_rcc.o(.text.LL_RCC_GetLPTIMClockFreq) for [Anonymous Symbol]
    stm32h7xx_ll_rcc.o(.ARM.exidx.text.LL_RCC_GetCLKPClockFreq) refers to stm32h7xx_ll_rcc.o(.text.LL_RCC_GetCLKPClockFreq) for [Anonymous Symbol]
    stm32h7xx_ll_rcc.o(.text.LL_RCC_GetSAIClockFreq) refers to stm32h7xx_ll_rcc.o(.text.LL_RCC_GetPLL1ClockFreq) for LL_RCC_GetPLL1ClockFreq
    stm32h7xx_ll_rcc.o(.text.LL_RCC_GetSAIClockFreq) refers to stm32h7xx_ll_rcc.o(.text.LL_RCC_GetPLL3ClockFreq) for LL_RCC_GetPLL3ClockFreq
    stm32h7xx_ll_rcc.o(.text.LL_RCC_GetSAIClockFreq) refers to stm32h7xx_ll_rcc.o(.text.LL_RCC_GetPLL2ClockFreq) for LL_RCC_GetPLL2ClockFreq
    stm32h7xx_ll_rcc.o(.ARM.exidx.text.LL_RCC_GetSAIClockFreq) refers to stm32h7xx_ll_rcc.o(.text.LL_RCC_GetSAIClockFreq) for [Anonymous Symbol]
    stm32h7xx_ll_rcc.o(.text.LL_RCC_GetADCClockFreq) refers to stm32h7xx_ll_rcc.o(.text.LL_RCC_GetPLL2ClockFreq) for LL_RCC_GetPLL2ClockFreq
    stm32h7xx_ll_rcc.o(.text.LL_RCC_GetADCClockFreq) refers to stm32h7xx_ll_rcc.o(.text.LL_RCC_GetPLL3ClockFreq) for LL_RCC_GetPLL3ClockFreq
    stm32h7xx_ll_rcc.o(.ARM.exidx.text.LL_RCC_GetADCClockFreq) refers to stm32h7xx_ll_rcc.o(.text.LL_RCC_GetADCClockFreq) for [Anonymous Symbol]
    stm32h7xx_ll_rcc.o(.text.LL_RCC_GetSDMMCClockFreq) refers to stm32h7xx_ll_rcc.o(.text.LL_RCC_GetPLL1ClockFreq) for LL_RCC_GetPLL1ClockFreq
    stm32h7xx_ll_rcc.o(.text.LL_RCC_GetSDMMCClockFreq) refers to stm32h7xx_ll_rcc.o(.text.LL_RCC_GetPLL2ClockFreq) for LL_RCC_GetPLL2ClockFreq
    stm32h7xx_ll_rcc.o(.ARM.exidx.text.LL_RCC_GetSDMMCClockFreq) refers to stm32h7xx_ll_rcc.o(.text.LL_RCC_GetSDMMCClockFreq) for [Anonymous Symbol]
    stm32h7xx_ll_rcc.o(.text.LL_RCC_GetRNGClockFreq) refers to stm32h7xx_ll_rcc.o(.text.LL_RCC_GetPLL1ClockFreq) for LL_RCC_GetPLL1ClockFreq
    stm32h7xx_ll_rcc.o(.ARM.exidx.text.LL_RCC_GetRNGClockFreq) refers to stm32h7xx_ll_rcc.o(.text.LL_RCC_GetRNGClockFreq) for [Anonymous Symbol]
    stm32h7xx_ll_rcc.o(.ARM.exidx.text.LL_RCC_GetCECClockFreq) refers to stm32h7xx_ll_rcc.o(.text.LL_RCC_GetCECClockFreq) for [Anonymous Symbol]
    stm32h7xx_ll_rcc.o(.text.LL_RCC_GetUSBClockFreq) refers to stm32h7xx_ll_rcc.o(.text.LL_RCC_GetPLL1ClockFreq) for LL_RCC_GetPLL1ClockFreq
    stm32h7xx_ll_rcc.o(.text.LL_RCC_GetUSBClockFreq) refers to stm32h7xx_ll_rcc.o(.text.LL_RCC_GetPLL3ClockFreq) for LL_RCC_GetPLL3ClockFreq
    stm32h7xx_ll_rcc.o(.ARM.exidx.text.LL_RCC_GetUSBClockFreq) refers to stm32h7xx_ll_rcc.o(.text.LL_RCC_GetUSBClockFreq) for [Anonymous Symbol]
    stm32h7xx_ll_rcc.o(.text.LL_RCC_GetDFSDMClockFreq) refers to stm32h7xx_ll_rcc.o(.text.LL_RCC_GetPLL1ClockFreq) for LL_RCC_GetPLL1ClockFreq
    stm32h7xx_ll_rcc.o(.text.LL_RCC_GetDFSDMClockFreq) refers to stm32h7xx_ll_rcc.o(.rodata.LL_RCC_PrescTable) for LL_RCC_PrescTable
    stm32h7xx_ll_rcc.o(.ARM.exidx.text.LL_RCC_GetDFSDMClockFreq) refers to stm32h7xx_ll_rcc.o(.text.LL_RCC_GetDFSDMClockFreq) for [Anonymous Symbol]
    stm32h7xx_ll_rcc.o(.text.LL_RCC_GetSPDIFClockFreq) refers to stm32h7xx_ll_rcc.o(.text.LL_RCC_GetPLL1ClockFreq) for LL_RCC_GetPLL1ClockFreq
    stm32h7xx_ll_rcc.o(.text.LL_RCC_GetSPDIFClockFreq) refers to stm32h7xx_ll_rcc.o(.text.LL_RCC_GetPLL3ClockFreq) for LL_RCC_GetPLL3ClockFreq
    stm32h7xx_ll_rcc.o(.text.LL_RCC_GetSPDIFClockFreq) refers to stm32h7xx_ll_rcc.o(.text.LL_RCC_GetPLL2ClockFreq) for LL_RCC_GetPLL2ClockFreq
    stm32h7xx_ll_rcc.o(.ARM.exidx.text.LL_RCC_GetSPDIFClockFreq) refers to stm32h7xx_ll_rcc.o(.text.LL_RCC_GetSPDIFClockFreq) for [Anonymous Symbol]
    stm32h7xx_ll_rcc.o(.text.LL_RCC_GetSPIClockFreq) refers to stm32h7xx_ll_rcc.o(.text.LL_RCC_GetPLL2ClockFreq) for LL_RCC_GetPLL2ClockFreq
    stm32h7xx_ll_rcc.o(.text.LL_RCC_GetSPIClockFreq) refers to stm32h7xx_ll_rcc.o(.text.LL_RCC_GetPLL3ClockFreq) for LL_RCC_GetPLL3ClockFreq
    stm32h7xx_ll_rcc.o(.text.LL_RCC_GetSPIClockFreq) refers to stm32h7xx_ll_rcc.o(.text.LL_RCC_GetPLL1ClockFreq) for LL_RCC_GetPLL1ClockFreq
    stm32h7xx_ll_rcc.o(.text.LL_RCC_GetSPIClockFreq) refers to stm32h7xx_ll_rcc.o(.rodata.LL_RCC_PrescTable) for LL_RCC_PrescTable
    stm32h7xx_ll_rcc.o(.ARM.exidx.text.LL_RCC_GetSPIClockFreq) refers to stm32h7xx_ll_rcc.o(.text.LL_RCC_GetSPIClockFreq) for [Anonymous Symbol]
    stm32h7xx_ll_rcc.o(.text.LL_RCC_GetSWPClockFreq) refers to stm32h7xx_ll_rcc.o(.text.LL_RCC_GetPLL1ClockFreq) for LL_RCC_GetPLL1ClockFreq
    stm32h7xx_ll_rcc.o(.text.LL_RCC_GetSWPClockFreq) refers to stm32h7xx_ll_rcc.o(.rodata.LL_RCC_PrescTable) for LL_RCC_PrescTable
    stm32h7xx_ll_rcc.o(.ARM.exidx.text.LL_RCC_GetSWPClockFreq) refers to stm32h7xx_ll_rcc.o(.text.LL_RCC_GetSWPClockFreq) for [Anonymous Symbol]
    stm32h7xx_ll_rcc.o(.text.LL_RCC_GetFDCANClockFreq) refers to stm32h7xx_ll_rcc.o(.text.LL_RCC_GetPLL1ClockFreq) for LL_RCC_GetPLL1ClockFreq
    stm32h7xx_ll_rcc.o(.text.LL_RCC_GetFDCANClockFreq) refers to stm32h7xx_ll_rcc.o(.text.LL_RCC_GetPLL2ClockFreq) for LL_RCC_GetPLL2ClockFreq
    stm32h7xx_ll_rcc.o(.ARM.exidx.text.LL_RCC_GetFDCANClockFreq) refers to stm32h7xx_ll_rcc.o(.text.LL_RCC_GetFDCANClockFreq) for [Anonymous Symbol]
    stm32h7xx_ll_rcc.o(.text.LL_RCC_GetFMCClockFreq) refers to stm32h7xx_ll_rcc.o(.text.LL_RCC_GetPLL1ClockFreq) for LL_RCC_GetPLL1ClockFreq
    stm32h7xx_ll_rcc.o(.text.LL_RCC_GetFMCClockFreq) refers to stm32h7xx_ll_rcc.o(.text.LL_RCC_GetPLL2ClockFreq) for LL_RCC_GetPLL2ClockFreq
    stm32h7xx_ll_rcc.o(.text.LL_RCC_GetFMCClockFreq) refers to stm32h7xx_ll_rcc.o(.rodata.LL_RCC_PrescTable) for LL_RCC_PrescTable
    stm32h7xx_ll_rcc.o(.ARM.exidx.text.LL_RCC_GetFMCClockFreq) refers to stm32h7xx_ll_rcc.o(.text.LL_RCC_GetFMCClockFreq) for [Anonymous Symbol]
    stm32h7xx_ll_rcc.o(.text.LL_RCC_GetQSPIClockFreq) refers to stm32h7xx_ll_rcc.o(.text.LL_RCC_GetPLL1ClockFreq) for LL_RCC_GetPLL1ClockFreq
    stm32h7xx_ll_rcc.o(.text.LL_RCC_GetQSPIClockFreq) refers to stm32h7xx_ll_rcc.o(.text.LL_RCC_GetPLL2ClockFreq) for LL_RCC_GetPLL2ClockFreq
    stm32h7xx_ll_rcc.o(.text.LL_RCC_GetQSPIClockFreq) refers to stm32h7xx_ll_rcc.o(.rodata.LL_RCC_PrescTable) for LL_RCC_PrescTable
    stm32h7xx_ll_rcc.o(.ARM.exidx.text.LL_RCC_GetQSPIClockFreq) refers to stm32h7xx_ll_rcc.o(.text.LL_RCC_GetQSPIClockFreq) for [Anonymous Symbol]
    stm32h7xx_ll_utils.o(.ARM.exidx.text.LL_Init1msTick) refers to stm32h7xx_ll_utils.o(.text.LL_Init1msTick) for [Anonymous Symbol]
    stm32h7xx_ll_utils.o(.ARM.exidx.text.LL_mDelay) refers to stm32h7xx_ll_utils.o(.text.LL_mDelay) for [Anonymous Symbol]
    stm32h7xx_ll_utils.o(.text.LL_SetSystemCoreClock) refers to system_stm32h7xx.o(.data..L_MergedGlobals) for SystemCoreClock
    stm32h7xx_ll_utils.o(.ARM.exidx.text.LL_SetSystemCoreClock) refers to stm32h7xx_ll_utils.o(.text.LL_SetSystemCoreClock) for [Anonymous Symbol]
    stm32h7xx_ll_utils.o(.text.LL_PLL_ConfigSystemClock_HSI) refers to stm32h7xx_ll_rcc.o(.text.LL_RCC_CalcPLLClockFreq) for LL_RCC_CalcPLLClockFreq
    stm32h7xx_ll_utils.o(.text.LL_PLL_ConfigSystemClock_HSI) refers to stm32h7xx_ll_utils.o(.text.UTILS_EnablePLLAndSwitchSystem) for UTILS_EnablePLLAndSwitchSystem
    stm32h7xx_ll_utils.o(.ARM.exidx.text.LL_PLL_ConfigSystemClock_HSI) refers to stm32h7xx_ll_utils.o(.text.LL_PLL_ConfigSystemClock_HSI) for [Anonymous Symbol]
    stm32h7xx_ll_utils.o(.text.UTILS_EnablePLLAndSwitchSystem) refers to stm32h7xx_ll_rcc.o(.rodata.LL_RCC_PrescTable) for LL_RCC_PrescTable
    stm32h7xx_ll_utils.o(.text.UTILS_EnablePLLAndSwitchSystem) refers to system_stm32h7xx.o(.data..L_MergedGlobals) for SystemD2Clock
    stm32h7xx_ll_utils.o(.text.UTILS_EnablePLLAndSwitchSystem) refers to system_stm32h7xx.o(.rodata.D1CorePrescTable) for D1CorePrescTable
    stm32h7xx_ll_utils.o(.ARM.exidx.text.UTILS_EnablePLLAndSwitchSystem) refers to stm32h7xx_ll_utils.o(.text.UTILS_EnablePLLAndSwitchSystem) for [Anonymous Symbol]
    stm32h7xx_ll_utils.o(.text.LL_PLL_ConfigSystemClock_HSE) refers to stm32h7xx_ll_rcc.o(.text.LL_RCC_CalcPLLClockFreq) for LL_RCC_CalcPLLClockFreq
    stm32h7xx_ll_utils.o(.text.LL_PLL_ConfigSystemClock_HSE) refers to stm32h7xx_ll_utils.o(.text.UTILS_EnablePLLAndSwitchSystem) for UTILS_EnablePLLAndSwitchSystem
    stm32h7xx_ll_utils.o(.ARM.exidx.text.LL_PLL_ConfigSystemClock_HSE) refers to stm32h7xx_ll_utils.o(.text.LL_PLL_ConfigSystemClock_HSE) for [Anonymous Symbol]
    stm32h7xx_ll_utils.o(.ARM.exidx.text.LL_SetFlashLatency) refers to stm32h7xx_ll_utils.o(.text.LL_SetFlashLatency) for [Anonymous Symbol]
    stm32h7xx_ll_lpuart.o(.ARM.exidx.text.LL_LPUART_DeInit) refers to stm32h7xx_ll_lpuart.o(.text.LL_LPUART_DeInit) for [Anonymous Symbol]
    stm32h7xx_ll_lpuart.o(.text.LL_LPUART_Init) refers to stm32h7xx_ll_rcc.o(.text.LL_RCC_GetLPUARTClockFreq) for LL_RCC_GetLPUARTClockFreq
    stm32h7xx_ll_lpuart.o(.text.LL_LPUART_Init) refers to lludivv7m.o(.text) for __aeabi_uldivmod
    stm32h7xx_ll_lpuart.o(.ARM.exidx.text.LL_LPUART_Init) refers to stm32h7xx_ll_lpuart.o(.text.LL_LPUART_Init) for [Anonymous Symbol]
    stm32h7xx_ll_lpuart.o(.ARM.exidx.text.LL_LPUART_StructInit) refers to stm32h7xx_ll_lpuart.o(.text.LL_LPUART_StructInit) for [Anonymous Symbol]
    stm32h7xx_ll_bdma.o(.ARM.exidx.text.LL_BDMA_DeInit) refers to stm32h7xx_ll_bdma.o(.text.LL_BDMA_DeInit) for [Anonymous Symbol]
    stm32h7xx_ll_bdma.o(.ARM.exidx.text.LL_BDMA_Init) refers to stm32h7xx_ll_bdma.o(.text.LL_BDMA_Init) for [Anonymous Symbol]
    stm32h7xx_ll_bdma.o(.text.LL_BDMA_StructInit) refers to rt_memclr_w.o(.text) for __aeabi_memclr4
    stm32h7xx_ll_bdma.o(.ARM.exidx.text.LL_BDMA_StructInit) refers to stm32h7xx_ll_bdma.o(.text.LL_BDMA_StructInit) for [Anonymous Symbol]
    stm32h7xx_ll_pwr.o(.ARM.exidx.text.LL_PWR_DeInit) refers to stm32h7xx_ll_pwr.o(.text.LL_PWR_DeInit) for [Anonymous Symbol]
    system_stm32h7xx.o(.ARM.exidx.text.SystemInit) refers to system_stm32h7xx.o(.text.SystemInit) for [Anonymous Symbol]
    system_stm32h7xx.o(.text.SystemCoreClockUpdate) refers to system_stm32h7xx.o(.rodata.D1CorePrescTable) for D1CorePrescTable
    system_stm32h7xx.o(.text.SystemCoreClockUpdate) refers to system_stm32h7xx.o(.data..L_MergedGlobals) for .L_MergedGlobals
    system_stm32h7xx.o(.ARM.exidx.text.SystemCoreClockUpdate) refers to system_stm32h7xx.o(.text.SystemCoreClockUpdate) for [Anonymous Symbol]
    __main.o(!!!main) refers to __rtentry.o(.ARM.Collect$$rtentry$$00000000) for __rt_entry
    __rtentry.o(.ARM.Collect$$rtentry$$00000000) refers (Special) to __rtentry2.o(.ARM.Collect$$rtentry$$0000000A) for __rt_entry_li
    __rtentry.o(.ARM.Collect$$rtentry$$00000000) refers (Special) to __rtentry2.o(.ARM.Collect$$rtentry$$0000000D) for __rt_entry_main
    __rtentry.o(.ARM.Collect$$rtentry$$00000000) refers (Special) to __rtentry2.o(.ARM.Collect$$rtentry$$0000000C) for __rt_entry_postli_1
    __rtentry.o(.ARM.Collect$$rtentry$$00000000) refers (Special) to __rtentry2.o(.ARM.Collect$$rtentry$$00000009) for __rt_entry_postsh_1
    __rtentry.o(.ARM.Collect$$rtentry$$00000000) refers (Special) to __rtentry2.o(.ARM.Collect$$rtentry$$00000002) for __rt_entry_presh_1
    __rtentry.o(.ARM.Collect$$rtentry$$00000000) refers (Special) to __rtentry4.o(.ARM.Collect$$rtentry$$00000004) for __rt_entry_sh
    aeabi_ldiv0_sigfpe.o(.text) refers to rt_div0.o(.text) for __rt_div0
    __rtentry2.o(.ARM.Collect$$rtentry$$00000008) refers to boardinit2.o(.text) for _platform_post_stackheap_init
    __rtentry2.o(.ARM.Collect$$rtentry$$0000000A) refers to libinit.o(.ARM.Collect$$libinit$$00000000) for __rt_lib_init
    __rtentry2.o(.ARM.Collect$$rtentry$$0000000B) refers to boardinit3.o(.text) for _platform_post_lib_init
    __rtentry2.o(.ARM.Collect$$rtentry$$0000000D) refers to main.o(.text.main) for main
    __rtentry2.o(.ARM.Collect$$rtentry$$0000000D) refers to exit.o(.text) for exit
    __rtentry2.o(.ARM.exidx) refers to __rtentry2.o(.ARM.Collect$$rtentry$$00000001) for .ARM.Collect$$rtentry$$00000001
    __rtentry2.o(.ARM.exidx) refers to __rtentry2.o(.ARM.Collect$$rtentry$$00000008) for .ARM.Collect$$rtentry$$00000008
    __rtentry2.o(.ARM.exidx) refers to __rtentry2.o(.ARM.Collect$$rtentry$$0000000A) for .ARM.Collect$$rtentry$$0000000A
    __rtentry2.o(.ARM.exidx) refers to __rtentry2.o(.ARM.Collect$$rtentry$$0000000B) for .ARM.Collect$$rtentry$$0000000B
    __rtentry2.o(.ARM.exidx) refers to __rtentry2.o(.ARM.Collect$$rtentry$$0000000D) for .ARM.Collect$$rtentry$$0000000D
    __rtentry4.o(.ARM.Collect$$rtentry$$00000004) refers to sys_stackheap_outer.o(.text) for __user_setup_stackheap
    __rtentry4.o(.ARM.exidx) refers to __rtentry4.o(.ARM.Collect$$rtentry$$00000004) for .ARM.Collect$$rtentry$$00000004
    rt_div0.o(.text) refers to defsig_fpe_outer.o(.text) for __rt_SIGFPE
    sys_stackheap_outer.o(.text) refers to libspace.o(.text) for __user_perproc_libspace
    sys_stackheap_outer.o(.text) refers to startup_stm32h750xx.o(.text) for __user_initial_stackheap
    exit.o(.text) refers to rtexit.o(.ARM.Collect$$rtexit$$00000000) for __rt_exit
    defsig_fpe_outer.o(.text) refers to defsig_fpe_inner.o(.text) for __rt_SIGFPE_inner
    defsig_fpe_outer.o(.text) refers to defsig_exit.o(.text) for __sig_exit
    defsig_fpe_formal.o(.text) refers to rt_raise.o(.text) for __rt_raise
    libinit.o(.ARM.Collect$$libinit$$00000000) refers (Special) to libinit2.o(.ARM.Collect$$libinit$$00000030) for __rt_lib_init_alloca_1
    libinit.o(.ARM.Collect$$libinit$$00000000) refers (Special) to libinit2.o(.ARM.Collect$$libinit$$0000002E) for __rt_lib_init_argv_1
    libinit.o(.ARM.Collect$$libinit$$00000000) refers (Special) to libinit2.o(.ARM.Collect$$libinit$$0000001D) for __rt_lib_init_atexit_1
    libinit.o(.ARM.Collect$$libinit$$00000000) refers (Special) to libinit2.o(.ARM.Collect$$libinit$$00000023) for __rt_lib_init_clock_1
    libinit.o(.ARM.Collect$$libinit$$00000000) refers (Special) to libinit2.o(.ARM.Collect$$libinit$$00000034) for __rt_lib_init_cpp_1
    libinit.o(.ARM.Collect$$libinit$$00000000) refers (Special) to libinit2.o(.ARM.Collect$$libinit$$00000032) for __rt_lib_init_exceptions_1
    libinit.o(.ARM.Collect$$libinit$$00000000) refers (Special) to libinit2.o(.ARM.Collect$$libinit$$00000001) for __rt_lib_init_fp_1
    libinit.o(.ARM.Collect$$libinit$$00000000) refers (Special) to libinit2.o(.ARM.Collect$$libinit$$00000021) for __rt_lib_init_fp_trap_1
    libinit.o(.ARM.Collect$$libinit$$00000000) refers (Special) to libinit2.o(.ARM.Collect$$libinit$$00000025) for __rt_lib_init_getenv_1
    libinit.o(.ARM.Collect$$libinit$$00000000) refers (Special) to libinit2.o(.ARM.Collect$$libinit$$0000000C) for __rt_lib_init_heap_1
    libinit.o(.ARM.Collect$$libinit$$00000000) refers (Special) to libinit2.o(.ARM.Collect$$libinit$$00000013) for __rt_lib_init_lc_collate_1
    libinit.o(.ARM.Collect$$libinit$$00000000) refers (Special) to libinit2.o(.ARM.Collect$$libinit$$00000015) for __rt_lib_init_lc_ctype_1
    libinit.o(.ARM.Collect$$libinit$$00000000) refers (Special) to libinit2.o(.ARM.Collect$$libinit$$00000017) for __rt_lib_init_lc_monetary_1
    libinit.o(.ARM.Collect$$libinit$$00000000) refers (Special) to libinit2.o(.ARM.Collect$$libinit$$00000019) for __rt_lib_init_lc_numeric_1
    libinit.o(.ARM.Collect$$libinit$$00000000) refers (Special) to libinit2.o(.ARM.Collect$$libinit$$0000001B) for __rt_lib_init_lc_time_1
    libinit.o(.ARM.Collect$$libinit$$00000000) refers (Special) to libinit2.o(.ARM.Collect$$libinit$$00000006) for __rt_lib_init_preinit_1
    libinit.o(.ARM.Collect$$libinit$$00000000) refers (Special) to libinit2.o(.ARM.Collect$$libinit$$00000010) for __rt_lib_init_rand_1
    libinit.o(.ARM.Collect$$libinit$$00000000) refers (Special) to libinit2.o(.ARM.Collect$$libinit$$00000004) for __rt_lib_init_relocate_pie_1
    libinit.o(.ARM.Collect$$libinit$$00000000) refers (Special) to libinit2.o(.ARM.Collect$$libinit$$00000035) for __rt_lib_init_return
    libinit.o(.ARM.Collect$$libinit$$00000000) refers (Special) to libinit2.o(.ARM.Collect$$libinit$$0000001F) for __rt_lib_init_signal_1
    libinit.o(.ARM.Collect$$libinit$$00000000) refers (Special) to libinit2.o(.ARM.Collect$$libinit$$00000027) for __rt_lib_init_stdio_1
    libinit.o(.ARM.Collect$$libinit$$00000000) refers (Special) to libinit2.o(.ARM.Collect$$libinit$$0000000E) for __rt_lib_init_user_alloc_1
    libspace.o(.text) refers to libspace.o(.bss) for __libspace_start
    rtexit.o(.ARM.Collect$$rtexit$$00000000) refers (Special) to rtexit2.o(.ARM.Collect$$rtexit$$00000004) for __rt_exit_exit
    rtexit.o(.ARM.Collect$$rtexit$$00000000) refers (Special) to rtexit2.o(.ARM.Collect$$rtexit$$00000003) for __rt_exit_ls
    rtexit.o(.ARM.Collect$$rtexit$$00000000) refers (Special) to rtexit2.o(.ARM.Collect$$rtexit$$00000002) for __rt_exit_prels_1
    rtexit.o(.ARM.exidx) refers (Special) to rtexit2.o(.ARM.Collect$$rtexit$$00000004) for __rt_exit_exit
    rtexit.o(.ARM.exidx) refers (Special) to rtexit2.o(.ARM.Collect$$rtexit$$00000003) for __rt_exit_ls
    rtexit.o(.ARM.exidx) refers (Special) to rtexit2.o(.ARM.Collect$$rtexit$$00000002) for __rt_exit_prels_1
    rtexit.o(.ARM.exidx) refers to rtexit.o(.ARM.Collect$$rtexit$$00000000) for .ARM.Collect$$rtexit$$00000000
    rt_raise.o(.text) refers to __raise.o(.text) for __raise
    rt_raise.o(.text) refers to sys_exit.o(.text) for _sys_exit
    defsig_exit.o(.text) refers to sys_exit.o(.text) for _sys_exit
    defsig_fpe_inner.o(.text) refers to defsig_general.o(.text) for __default_signal_display
    libinit2.o(.ARM.Collect$$libinit$$00000001) refers to fpinit.o(x$fpl$fpinit) for _fp_init
    libinit2.o(.ARM.Collect$$libinit$$00000012) refers to libinit2.o(.ARM.Collect$$libinit$$00000011) for .ARM.Collect$$libinit$$00000011
    libinit2.o(.ARM.Collect$$libinit$$00000014) refers to libinit2.o(.ARM.Collect$$libinit$$00000011) for .ARM.Collect$$libinit$$00000011
    libinit2.o(.ARM.Collect$$libinit$$00000016) refers to libinit2.o(.ARM.Collect$$libinit$$00000011) for .ARM.Collect$$libinit$$00000011
    libinit2.o(.ARM.Collect$$libinit$$00000018) refers to libinit2.o(.ARM.Collect$$libinit$$00000011) for .ARM.Collect$$libinit$$00000011
    libinit2.o(.ARM.Collect$$libinit$$0000001A) refers to libinit2.o(.ARM.Collect$$libinit$$00000011) for .ARM.Collect$$libinit$$00000011
    libinit2.o(.ARM.Collect$$libinit$$00000028) refers to argv_veneer.o(.emb_text) for __ARM_argv_veneer
    libinit2.o(.ARM.Collect$$libinit$$00000029) refers to argv_veneer.o(.emb_text) for __ARM_argv_veneer
    sys_exit.o(.text) refers (Special) to use_no_semi.o(.text) for __I$use$semihosting
    sys_exit.o(.text) refers (Special) to indicate_semi.o(.text) for __semihosting_library_function
    sys_exit_hlt.o(.text) refers (Special) to use_no_semi.o(.text) for __I$use$semihosting
    sys_exit_hlt.o(.text) refers (Special) to indicate_semi.o(.text) for __semihosting_library_function
    rtexit2.o(.ARM.Collect$$rtexit$$00000003) refers to libshutdown.o(.ARM.Collect$$libshutdown$$00000000) for __rt_lib_shutdown
    rtexit2.o(.ARM.Collect$$rtexit$$00000004) refers to sys_exit.o(.text) for _sys_exit
    rtexit2.o(.ARM.exidx) refers to rtexit2.o(.ARM.Collect$$rtexit$$00000001) for .ARM.Collect$$rtexit$$00000001
    rtexit2.o(.ARM.exidx) refers to rtexit2.o(.ARM.Collect$$rtexit$$00000003) for .ARM.Collect$$rtexit$$00000003
    rtexit2.o(.ARM.exidx) refers to rtexit2.o(.ARM.Collect$$rtexit$$00000004) for .ARM.Collect$$rtexit$$00000004
    __raise.o(.text) refers to defsig.o(CL$$defsig) for __default_signal_handler
    defsig_general.o(.text) refers to sys_wrch.o(.text) for _ttywrch
    argv_veneer.o(.emb_text) refers to no_argv.o(.text) for __ARM_get_argv
    sys_wrch.o(.text) refers (Special) to use_no_semi.o(.text) for __I$use$semihosting
    sys_wrch.o(.text) refers (Special) to indicate_semi.o(.text) for __semihosting_library_function
    sys_wrch_hlt.o(.text) refers (Special) to use_no_semi.o(.text) for __I$use$semihosting
    sys_wrch_hlt.o(.text) refers (Special) to indicate_semi.o(.text) for __semihosting_library_function
    defsig.o(CL$$defsig) refers to defsig_fpe_inner.o(.text) for __rt_SIGFPE_inner
    defsig.o(CL$$defsig) refers to defsig_rtmem_inner.o(.text) for __rt_SIGRTMEM_inner
    _get_argv_nomalloc.o(.text) refers (Special) to hrguard.o(.text) for __heap_region$guard
    _get_argv_nomalloc.o(.text) refers to defsig_rtmem_outer.o(.text) for __rt_SIGRTMEM
    _get_argv_nomalloc.o(.text) refers to sys_command.o(.text) for _sys_command_string
    libshutdown.o(.ARM.Collect$$libshutdown$$00000000) refers (Special) to libshutdown2.o(.ARM.Collect$$libshutdown$$00000002) for __rt_lib_shutdown_cpp_1
    libshutdown.o(.ARM.Collect$$libshutdown$$00000000) refers (Special) to libshutdown2.o(.ARM.Collect$$libshutdown$$00000007) for __rt_lib_shutdown_fp_trap_1
    libshutdown.o(.ARM.Collect$$libshutdown$$00000000) refers (Special) to libshutdown2.o(.ARM.Collect$$libshutdown$$0000000F) for __rt_lib_shutdown_heap_1
    libshutdown.o(.ARM.Collect$$libshutdown$$00000000) refers (Special) to libshutdown2.o(.ARM.Collect$$libshutdown$$00000010) for __rt_lib_shutdown_return
    libshutdown.o(.ARM.Collect$$libshutdown$$00000000) refers (Special) to libshutdown2.o(.ARM.Collect$$libshutdown$$0000000A) for __rt_lib_shutdown_signal_1
    libshutdown.o(.ARM.Collect$$libshutdown$$00000000) refers (Special) to libshutdown2.o(.ARM.Collect$$libshutdown$$00000004) for __rt_lib_shutdown_stdio_1
    libshutdown.o(.ARM.Collect$$libshutdown$$00000000) refers (Special) to libshutdown2.o(.ARM.Collect$$libshutdown$$0000000C) for __rt_lib_shutdown_user_alloc_1
    sys_command.o(.text) refers (Special) to use_no_semi.o(.text) for __I$use$semihosting
    sys_command.o(.text) refers (Special) to indicate_semi.o(.text) for __semihosting_library_function
    sys_command_hlt.o(.text) refers (Special) to use_no_semi.o(.text) for __I$use$semihosting
    sys_command_hlt.o(.text) refers (Special) to indicate_semi.o(.text) for __semihosting_library_function
    defsig_abrt_inner.o(.text) refers to defsig_general.o(.text) for __default_signal_display
    defsig_rtred_inner.o(.text) refers to defsig_general.o(.text) for __default_signal_display
    defsig_rtmem_inner.o(.text) refers to defsig_general.o(.text) for __default_signal_display
    defsig_rtmem_outer.o(.text) refers to defsig_rtmem_inner.o(.text) for __rt_SIGRTMEM_inner
    defsig_rtmem_outer.o(.text) refers to defsig_exit.o(.text) for __sig_exit
    defsig_rtmem_formal.o(.text) refers to rt_raise.o(.text) for __rt_raise
    defsig_stak_inner.o(.text) refers to defsig_general.o(.text) for __default_signal_display
    defsig_pvfn_inner.o(.text) refers to defsig_general.o(.text) for __default_signal_display
    defsig_cppl_inner.o(.text) refers to defsig_general.o(.text) for __default_signal_display
    defsig_segv_inner.o(.text) refers to defsig_general.o(.text) for __default_signal_display
    defsig_other.o(.text) refers to defsig_general.o(.text) for __default_signal_display


==============================================================================

Removing Unused input sections from the image.

    Removing main.o(.text), (0 bytes).
    Removing main.o(.ARM.exidx.text.main), (8 bytes).
    Removing main.o(.ARM.exidx.text.SystemClock_Config), (8 bytes).
    Removing main.o(.text.Error_Handler), (10 bytes).
    Removing main.o(.ARM.exidx.text.Error_Handler), (8 bytes).
    Removing main.o(.ARM.use_no_argv), (4 bytes).
    Removing stm32h7xx_it.o(.text), (0 bytes).
    Removing stm32h7xx_it.o(.ARM.exidx.text.NMI_Handler), (8 bytes).
    Removing stm32h7xx_it.o(.ARM.exidx.text.HardFault_Handler), (8 bytes).
    Removing stm32h7xx_it.o(.ARM.exidx.text.MemManage_Handler), (8 bytes).
    Removing stm32h7xx_it.o(.ARM.exidx.text.BusFault_Handler), (8 bytes).
    Removing stm32h7xx_it.o(.ARM.exidx.text.UsageFault_Handler), (8 bytes).
    Removing stm32h7xx_it.o(.ARM.exidx.text.SVC_Handler), (8 bytes).
    Removing stm32h7xx_it.o(.ARM.exidx.text.DebugMon_Handler), (8 bytes).
    Removing stm32h7xx_it.o(.ARM.exidx.text.PendSV_Handler), (8 bytes).
    Removing stm32h7xx_it.o(.ARM.exidx.text.SysTick_Handler), (8 bytes).
    Removing stm32h7xx_it.o(.ARM.exidx.text.EXTI1_IRQHandler), (8 bytes).
    Removing stm32h7xx_ll_exti.o(.text), (0 bytes).
    Removing stm32h7xx_ll_exti.o(.text.LL_EXTI_DeInit), (102 bytes).
    Removing stm32h7xx_ll_exti.o(.ARM.exidx.text.LL_EXTI_DeInit), (8 bytes).
    Removing stm32h7xx_ll_exti.o(.ARM.exidx.text.LL_EXTI_Init), (8 bytes).
    Removing stm32h7xx_ll_exti.o(.text.LL_EXTI_StructInit), (20 bytes).
    Removing stm32h7xx_ll_exti.o(.ARM.exidx.text.LL_EXTI_StructInit), (8 bytes).
    Removing stm32h7xx_ll_gpio.o(.text), (0 bytes).
    Removing stm32h7xx_ll_gpio.o(.text.LL_GPIO_DeInit), (148 bytes).
    Removing stm32h7xx_ll_gpio.o(.ARM.exidx.text.LL_GPIO_DeInit), (8 bytes).
    Removing stm32h7xx_ll_gpio.o(.ARM.exidx.text.LL_GPIO_Init), (8 bytes).
    Removing stm32h7xx_ll_gpio.o(.text.LL_GPIO_StructInit), (22 bytes).
    Removing stm32h7xx_ll_gpio.o(.ARM.exidx.text.LL_GPIO_StructInit), (8 bytes).
    Removing stm32h7xx_ll_rcc.o(.text), (0 bytes).
    Removing stm32h7xx_ll_rcc.o(.text.LL_RCC_DeInit), (268 bytes).
    Removing stm32h7xx_ll_rcc.o(.ARM.exidx.text.LL_RCC_DeInit), (8 bytes).
    Removing stm32h7xx_ll_rcc.o(.text.LL_RCC_GetSystemClocksFreq), (196 bytes).
    Removing stm32h7xx_ll_rcc.o(.ARM.exidx.text.LL_RCC_GetSystemClocksFreq), (8 bytes).
    Removing stm32h7xx_ll_rcc.o(.ARM.exidx.text.LL_RCC_GetPLL1ClockFreq), (8 bytes).
    Removing stm32h7xx_ll_rcc.o(.text.LL_RCC_CalcPLLClockFreq), (76 bytes).
    Removing stm32h7xx_ll_rcc.o(.ARM.exidx.text.LL_RCC_CalcPLLClockFreq), (8 bytes).
    Removing stm32h7xx_ll_rcc.o(.ARM.exidx.text.LL_RCC_GetPLL2ClockFreq), (8 bytes).
    Removing stm32h7xx_ll_rcc.o(.ARM.exidx.text.LL_RCC_GetPLL3ClockFreq), (8 bytes).
    Removing stm32h7xx_ll_rcc.o(.text.LL_RCC_GetUSARTClockFreq), (568 bytes).
    Removing stm32h7xx_ll_rcc.o(.ARM.exidx.text.LL_RCC_GetUSARTClockFreq), (8 bytes).
    Removing stm32h7xx_ll_rcc.o(.ARM.exidx.text.LL_RCC_GetLPUARTClockFreq), (8 bytes).
    Removing stm32h7xx_ll_rcc.o(.text.LL_RCC_GetI2CClockFreq), (478 bytes).
    Removing stm32h7xx_ll_rcc.o(.ARM.exidx.text.LL_RCC_GetI2CClockFreq), (8 bytes).
    Removing stm32h7xx_ll_rcc.o(.text.LL_RCC_GetLPTIMClockFreq), (758 bytes).
    Removing stm32h7xx_ll_rcc.o(.ARM.exidx.text.LL_RCC_GetLPTIMClockFreq), (8 bytes).
    Removing stm32h7xx_ll_rcc.o(.text.LL_RCC_GetCLKPClockFreq), (100 bytes).
    Removing stm32h7xx_ll_rcc.o(.ARM.exidx.text.LL_RCC_GetCLKPClockFreq), (8 bytes).
    Removing stm32h7xx_ll_rcc.o(.text.LL_RCC_GetSAIClockFreq), (518 bytes).
    Removing stm32h7xx_ll_rcc.o(.ARM.exidx.text.LL_RCC_GetSAIClockFreq), (8 bytes).
    Removing stm32h7xx_ll_rcc.o(.text.LL_RCC_GetADCClockFreq), (164 bytes).
    Removing stm32h7xx_ll_rcc.o(.ARM.exidx.text.LL_RCC_GetADCClockFreq), (8 bytes).
    Removing stm32h7xx_ll_rcc.o(.text.LL_RCC_GetSDMMCClockFreq), (60 bytes).
    Removing stm32h7xx_ll_rcc.o(.ARM.exidx.text.LL_RCC_GetSDMMCClockFreq), (8 bytes).
    Removing stm32h7xx_ll_rcc.o(.text.LL_RCC_GetRNGClockFreq), (104 bytes).
    Removing stm32h7xx_ll_rcc.o(.ARM.exidx.text.LL_RCC_GetRNGClockFreq), (8 bytes).
    Removing stm32h7xx_ll_rcc.o(.text.LL_RCC_GetCECClockFreq), (76 bytes).
    Removing stm32h7xx_ll_rcc.o(.ARM.exidx.text.LL_RCC_GetCECClockFreq), (8 bytes).
    Removing stm32h7xx_ll_rcc.o(.text.LL_RCC_GetUSBClockFreq), (92 bytes).
    Removing stm32h7xx_ll_rcc.o(.ARM.exidx.text.LL_RCC_GetUSBClockFreq), (8 bytes).
    Removing stm32h7xx_ll_rcc.o(.text.LL_RCC_GetDFSDMClockFreq), (236 bytes).
    Removing stm32h7xx_ll_rcc.o(.ARM.exidx.text.LL_RCC_GetDFSDMClockFreq), (8 bytes).
    Removing stm32h7xx_ll_rcc.o(.text.LL_RCC_GetSPDIFClockFreq), (120 bytes).
    Removing stm32h7xx_ll_rcc.o(.ARM.exidx.text.LL_RCC_GetSPDIFClockFreq), (8 bytes).
    Removing stm32h7xx_ll_rcc.o(.text.LL_RCC_GetSPIClockFreq), (838 bytes).
    Removing stm32h7xx_ll_rcc.o(.ARM.exidx.text.LL_RCC_GetSPIClockFreq), (8 bytes).
    Removing stm32h7xx_ll_rcc.o(.text.LL_RCC_GetSWPClockFreq), (182 bytes).
    Removing stm32h7xx_ll_rcc.o(.ARM.exidx.text.LL_RCC_GetSWPClockFreq), (8 bytes).
    Removing stm32h7xx_ll_rcc.o(.text.LL_RCC_GetFDCANClockFreq), (96 bytes).
    Removing stm32h7xx_ll_rcc.o(.ARM.exidx.text.LL_RCC_GetFDCANClockFreq), (8 bytes).
    Removing stm32h7xx_ll_rcc.o(.text.LL_RCC_GetFMCClockFreq), (278 bytes).
    Removing stm32h7xx_ll_rcc.o(.ARM.exidx.text.LL_RCC_GetFMCClockFreq), (8 bytes).
    Removing stm32h7xx_ll_rcc.o(.text.LL_RCC_GetQSPIClockFreq), (278 bytes).
    Removing stm32h7xx_ll_rcc.o(.ARM.exidx.text.LL_RCC_GetQSPIClockFreq), (8 bytes).
    Removing stm32h7xx_ll_utils.o(.text), (0 bytes).
    Removing stm32h7xx_ll_utils.o(.ARM.exidx.text.LL_Init1msTick), (8 bytes).
    Removing stm32h7xx_ll_utils.o(.text.LL_mDelay), (74 bytes).
    Removing stm32h7xx_ll_utils.o(.ARM.exidx.text.LL_mDelay), (8 bytes).
    Removing stm32h7xx_ll_utils.o(.ARM.exidx.text.LL_SetSystemCoreClock), (8 bytes).
    Removing stm32h7xx_ll_utils.o(.text.LL_PLL_ConfigSystemClock_HSI), (248 bytes).
    Removing stm32h7xx_ll_utils.o(.ARM.exidx.text.LL_PLL_ConfigSystemClock_HSI), (8 bytes).
    Removing stm32h7xx_ll_utils.o(.text.UTILS_EnablePLLAndSwitchSystem), (884 bytes).
    Removing stm32h7xx_ll_utils.o(.ARM.exidx.text.UTILS_EnablePLLAndSwitchSystem), (8 bytes).
    Removing stm32h7xx_ll_utils.o(.text.LL_PLL_ConfigSystemClock_HSE), (256 bytes).
    Removing stm32h7xx_ll_utils.o(.ARM.exidx.text.LL_PLL_ConfigSystemClock_HSE), (8 bytes).
    Removing stm32h7xx_ll_utils.o(.text.LL_SetFlashLatency), (276 bytes).
    Removing stm32h7xx_ll_utils.o(.ARM.exidx.text.LL_SetFlashLatency), (8 bytes).
    Removing stm32h7xx_ll_lpuart.o(.text), (0 bytes).
    Removing stm32h7xx_ll_lpuart.o(.text.LL_LPUART_DeInit), (44 bytes).
    Removing stm32h7xx_ll_lpuart.o(.ARM.exidx.text.LL_LPUART_DeInit), (8 bytes).
    Removing stm32h7xx_ll_lpuart.o(.ARM.exidx.text.LL_LPUART_Init), (8 bytes).
    Removing stm32h7xx_ll_lpuart.o(.text.LL_LPUART_StructInit), (24 bytes).
    Removing stm32h7xx_ll_lpuart.o(.ARM.exidx.text.LL_LPUART_StructInit), (8 bytes).
    Removing stm32h7xx_ll_bdma.o(.text), (0 bytes).
    Removing stm32h7xx_ll_bdma.o(.text.LL_BDMA_DeInit), (318 bytes).
    Removing stm32h7xx_ll_bdma.o(.ARM.exidx.text.LL_BDMA_DeInit), (8 bytes).
    Removing stm32h7xx_ll_bdma.o(.text.LL_BDMA_Init), (116 bytes).
    Removing stm32h7xx_ll_bdma.o(.ARM.exidx.text.LL_BDMA_Init), (8 bytes).
    Removing stm32h7xx_ll_bdma.o(.text.LL_BDMA_StructInit), (10 bytes).
    Removing stm32h7xx_ll_bdma.o(.ARM.exidx.text.LL_BDMA_StructInit), (8 bytes).
    Removing stm32h7xx_ll_pwr.o(.text), (0 bytes).
    Removing stm32h7xx_ll_pwr.o(.text.LL_PWR_DeInit), (16 bytes).
    Removing stm32h7xx_ll_pwr.o(.ARM.exidx.text.LL_PWR_DeInit), (8 bytes).
    Removing system_stm32h7xx.o(.text), (0 bytes).
    Removing system_stm32h7xx.o(.ARM.exidx.text.SystemInit), (8 bytes).
    Removing system_stm32h7xx.o(.text.SystemCoreClockUpdate), (320 bytes).
    Removing system_stm32h7xx.o(.ARM.exidx.text.SystemCoreClockUpdate), (8 bytes).
    Removing system_stm32h7xx.o(.rodata.D1CorePrescTable), (16 bytes).

108 unused section(s) (total 8866 bytes) removed from the image.

==============================================================================

Image Symbol Table

    Local Symbols

    Symbol Name                              Value     Ov Type        Size  Object(Section)

    ../clib/angel/boardlib.s                 0x00000000   Number         0  boardinit1.o ABSOLUTE
    ../clib/angel/boardlib.s                 0x00000000   Number         0  boardinit2.o ABSOLUTE
    ../clib/angel/boardlib.s                 0x00000000   Number         0  boardinit3.o ABSOLUTE
    ../clib/angel/boardlib.s                 0x00000000   Number         0  boardshut.o ABSOLUTE
    ../clib/angel/handlers.s                 0x00000000   Number         0  __scatter_copy.o ABSOLUTE
    ../clib/angel/handlers.s                 0x00000000   Number         0  __scatter_zi.o ABSOLUTE
    ../clib/angel/kernel.s                   0x00000000   Number         0  __rtentry.o ABSOLUTE
    ../clib/angel/kernel.s                   0x00000000   Number         0  __rtentry2.o ABSOLUTE
    ../clib/angel/kernel.s                   0x00000000   Number         0  __rtentry4.o ABSOLUTE
    ../clib/angel/kernel.s                   0x00000000   Number         0  rtexit.o ABSOLUTE
    ../clib/angel/kernel.s                   0x00000000   Number         0  rtexit2.o ABSOLUTE
    ../clib/angel/rt.s                       0x00000000   Number         0  aeabi_ldiv0.o ABSOLUTE
    ../clib/angel/rt.s                       0x00000000   Number         0  aeabi_ldiv0_sigfpe.o ABSOLUTE
    ../clib/angel/rt.s                       0x00000000   Number         0  rt_div0.o ABSOLUTE
    ../clib/angel/rt.s                       0x00000000   Number         0  rt_raise.o ABSOLUTE
    ../clib/angel/scatter.s                  0x00000000   Number         0  __scatter.o ABSOLUTE
    ../clib/angel/startup.s                  0x00000000   Number         0  __main.o ABSOLUTE
    ../clib/angel/sys.s                      0x00000000   Number         0  sys_stackheap_outer.o ABSOLUTE
    ../clib/angel/sys.s                      0x00000000   Number         0  libspace.o ABSOLUTE
    ../clib/angel/sys.s                      0x00000000   Number         0  use_no_semi.o ABSOLUTE
    ../clib/angel/sys.s                      0x00000000   Number         0  indicate_semi.o ABSOLUTE
    ../clib/angel/sysapp.c                   0x00000000   Number         0  sys_exit.o ABSOLUTE
    ../clib/angel/sysapp.c                   0x00000000   Number         0  sys_exit_hlt.o ABSOLUTE
    ../clib/angel/sysapp.c                   0x00000000   Number         0  sys_wrch.o ABSOLUTE
    ../clib/angel/sysapp.c                   0x00000000   Number         0  sys_wrch_hlt.o ABSOLUTE
    ../clib/angel/sysapp.c                   0x00000000   Number         0  sys_command.o ABSOLUTE
    ../clib/angel/sysapp.c                   0x00000000   Number         0  sys_command_hlt.o ABSOLUTE
    ../clib/armsys.c                         0x00000000   Number         0  argv_veneer.o ABSOLUTE
    ../clib/armsys.c                         0x00000000   Number         0  argv_veneer.o ABSOLUTE
    ../clib/armsys.c                         0x00000000   Number         0  _get_argv_nomalloc.o ABSOLUTE
    ../clib/armsys.c                         0x00000000   Number         0  no_argv.o ABSOLUTE
    ../clib/heapalloc.c                      0x00000000   Number         0  hrguard.o ABSOLUTE
    ../clib/heapaux.c                        0x00000000   Number         0  heapauxi.o ABSOLUTE
    ../clib/libinit.s                        0x00000000   Number         0  libinit.o ABSOLUTE
    ../clib/libinit.s                        0x00000000   Number         0  libinit2.o ABSOLUTE
    ../clib/libinit.s                        0x00000000   Number         0  libshutdown.o ABSOLUTE
    ../clib/libinit.s                        0x00000000   Number         0  libshutdown2.o ABSOLUTE
    ../clib/longlong.s                       0x00000000   Number         0  lludivv7m.o ABSOLUTE
    ../clib/memcpset.s                       0x00000000   Number         0  rt_memclr_w.o ABSOLUTE
    ../clib/signal.c                         0x00000000   Number         0  defsig_fpe_outer.o ABSOLUTE
    ../clib/signal.c                         0x00000000   Number         0  defsig_fpe_formal.o ABSOLUTE
    ../clib/signal.c                         0x00000000   Number         0  defsig_exit.o ABSOLUTE
    ../clib/signal.c                         0x00000000   Number         0  defsig_fpe_inner.o ABSOLUTE
    ../clib/signal.c                         0x00000000   Number         0  __raise.o ABSOLUTE
    ../clib/signal.c                         0x00000000   Number         0  defsig_general.o ABSOLUTE
    ../clib/signal.c                         0x00000000   Number         0  defsig_abrt_inner.o ABSOLUTE
    ../clib/signal.c                         0x00000000   Number         0  defsig_rtred_inner.o ABSOLUTE
    ../clib/signal.c                         0x00000000   Number         0  defsig_rtmem_inner.o ABSOLUTE
    ../clib/signal.c                         0x00000000   Number         0  defsig_rtmem_outer.o ABSOLUTE
    ../clib/signal.c                         0x00000000   Number         0  defsig_rtmem_formal.o ABSOLUTE
    ../clib/signal.c                         0x00000000   Number         0  defsig_stak_inner.o ABSOLUTE
    ../clib/signal.c                         0x00000000   Number         0  defsig_pvfn_inner.o ABSOLUTE
    ../clib/signal.c                         0x00000000   Number         0  defsig_cppl_inner.o ABSOLUTE
    ../clib/signal.c                         0x00000000   Number         0  defsig_segv_inner.o ABSOLUTE
    ../clib/signal.c                         0x00000000   Number         0  defsig_other.o ABSOLUTE
    ../clib/signal.s                         0x00000000   Number         0  defsig.o ABSOLUTE
    ../clib/stdlib.c                         0x00000000   Number         0  exit.o ABSOLUTE
    ../fplib/fpinit.s                        0x00000000   Number         0  fpinit.o ABSOLUTE
    dc.s                                     0x00000000   Number         0  dc.o ABSOLUTE
    main.c                                   0x00000000   Number         0  main.o ABSOLUTE
    startup_stm32h750xx.s                    0x00000000   Number         0  startup_stm32h750xx.o ABSOLUTE
    stm32h7xx_it.c                           0x00000000   Number         0  stm32h7xx_it.o ABSOLUTE
    stm32h7xx_ll_bdma.c                      0x00000000   Number         0  stm32h7xx_ll_bdma.o ABSOLUTE
    stm32h7xx_ll_exti.c                      0x00000000   Number         0  stm32h7xx_ll_exti.o ABSOLUTE
    stm32h7xx_ll_gpio.c                      0x00000000   Number         0  stm32h7xx_ll_gpio.o ABSOLUTE
    stm32h7xx_ll_lpuart.c                    0x00000000   Number         0  stm32h7xx_ll_lpuart.o ABSOLUTE
    stm32h7xx_ll_pwr.c                       0x00000000   Number         0  stm32h7xx_ll_pwr.o ABSOLUTE
    stm32h7xx_ll_rcc.c                       0x00000000   Number         0  stm32h7xx_ll_rcc.o ABSOLUTE
    stm32h7xx_ll_utils.c                     0x00000000   Number         0  stm32h7xx_ll_utils.o ABSOLUTE
    system_stm32h7xx.c                       0x00000000   Number         0  system_stm32h7xx.o ABSOLUTE
    RESET                                    0x08000000   Section      664  startup_stm32h750xx.o(RESET)
    !!!main                                  0x08000298   Section        8  __main.o(!!!main)
    !!!scatter                               0x080002a0   Section       52  __scatter.o(!!!scatter)
    !!handler_copy                           0x080002d4   Section       26  __scatter_copy.o(!!handler_copy)
    !!handler_zi                             0x080002f0   Section       28  __scatter_zi.o(!!handler_zi)
    .ARM.Collect$$libinit$$00000000          0x0800030c   Section        2  libinit.o(.ARM.Collect$$libinit$$00000000)
    .ARM.Collect$$libinit$$00000001          0x0800030e   Section        4  libinit2.o(.ARM.Collect$$libinit$$00000001)
    .ARM.Collect$$libinit$$00000004          0x08000312   Section        0  libinit2.o(.ARM.Collect$$libinit$$00000004)
    .ARM.Collect$$libinit$$00000006          0x08000312   Section        0  libinit2.o(.ARM.Collect$$libinit$$00000006)
    .ARM.Collect$$libinit$$0000000C          0x08000312   Section        0  libinit2.o(.ARM.Collect$$libinit$$0000000C)
    .ARM.Collect$$libinit$$0000000E          0x08000312   Section        0  libinit2.o(.ARM.Collect$$libinit$$0000000E)
    .ARM.Collect$$libinit$$00000010          0x08000312   Section        0  libinit2.o(.ARM.Collect$$libinit$$00000010)
    .ARM.Collect$$libinit$$00000013          0x08000312   Section        0  libinit2.o(.ARM.Collect$$libinit$$00000013)
    .ARM.Collect$$libinit$$00000015          0x08000312   Section        0  libinit2.o(.ARM.Collect$$libinit$$00000015)
    .ARM.Collect$$libinit$$00000017          0x08000312   Section        0  libinit2.o(.ARM.Collect$$libinit$$00000017)
    .ARM.Collect$$libinit$$00000019          0x08000312   Section        0  libinit2.o(.ARM.Collect$$libinit$$00000019)
    .ARM.Collect$$libinit$$0000001B          0x08000312   Section        0  libinit2.o(.ARM.Collect$$libinit$$0000001B)
    .ARM.Collect$$libinit$$0000001D          0x08000312   Section        0  libinit2.o(.ARM.Collect$$libinit$$0000001D)
    .ARM.Collect$$libinit$$0000001F          0x08000312   Section        0  libinit2.o(.ARM.Collect$$libinit$$0000001F)
    .ARM.Collect$$libinit$$00000021          0x08000312   Section        0  libinit2.o(.ARM.Collect$$libinit$$00000021)
    .ARM.Collect$$libinit$$00000023          0x08000312   Section        0  libinit2.o(.ARM.Collect$$libinit$$00000023)
    .ARM.Collect$$libinit$$00000025          0x08000312   Section        0  libinit2.o(.ARM.Collect$$libinit$$00000025)
    .ARM.Collect$$libinit$$00000027          0x08000312   Section        0  libinit2.o(.ARM.Collect$$libinit$$00000027)
    .ARM.Collect$$libinit$$0000002E          0x08000312   Section        0  libinit2.o(.ARM.Collect$$libinit$$0000002E)
    .ARM.Collect$$libinit$$00000030          0x08000312   Section        0  libinit2.o(.ARM.Collect$$libinit$$00000030)
    .ARM.Collect$$libinit$$00000032          0x08000312   Section        0  libinit2.o(.ARM.Collect$$libinit$$00000032)
    .ARM.Collect$$libinit$$00000034          0x08000312   Section        0  libinit2.o(.ARM.Collect$$libinit$$00000034)
    .ARM.Collect$$libinit$$00000035          0x08000312   Section        2  libinit2.o(.ARM.Collect$$libinit$$00000035)
    .ARM.Collect$$libshutdown$$00000000      0x08000314   Section        2  libshutdown.o(.ARM.Collect$$libshutdown$$00000000)
    .ARM.Collect$$libshutdown$$00000002      0x08000316   Section        0  libshutdown2.o(.ARM.Collect$$libshutdown$$00000002)
    .ARM.Collect$$libshutdown$$00000004      0x08000316   Section        0  libshutdown2.o(.ARM.Collect$$libshutdown$$00000004)
    .ARM.Collect$$libshutdown$$00000007      0x08000316   Section        0  libshutdown2.o(.ARM.Collect$$libshutdown$$00000007)
    .ARM.Collect$$libshutdown$$0000000A      0x08000316   Section        0  libshutdown2.o(.ARM.Collect$$libshutdown$$0000000A)
    .ARM.Collect$$libshutdown$$0000000C      0x08000316   Section        0  libshutdown2.o(.ARM.Collect$$libshutdown$$0000000C)
    .ARM.Collect$$libshutdown$$0000000F      0x08000316   Section        0  libshutdown2.o(.ARM.Collect$$libshutdown$$0000000F)
    .ARM.Collect$$libshutdown$$00000010      0x08000316   Section        2  libshutdown2.o(.ARM.Collect$$libshutdown$$00000010)
    .ARM.Collect$$rtentry$$00000000          0x08000318   Section        0  __rtentry.o(.ARM.Collect$$rtentry$$00000000)
    .ARM.Collect$$rtentry$$00000002          0x08000318   Section        0  __rtentry2.o(.ARM.Collect$$rtentry$$00000002)
    .ARM.Collect$$rtentry$$00000004          0x08000318   Section        6  __rtentry4.o(.ARM.Collect$$rtentry$$00000004)
    .ARM.Collect$$rtentry$$00000009          0x0800031e   Section        0  __rtentry2.o(.ARM.Collect$$rtentry$$00000009)
    .ARM.Collect$$rtentry$$0000000A          0x0800031e   Section        4  __rtentry2.o(.ARM.Collect$$rtentry$$0000000A)
    .ARM.Collect$$rtentry$$0000000C          0x08000322   Section        0  __rtentry2.o(.ARM.Collect$$rtentry$$0000000C)
    .ARM.Collect$$rtentry$$0000000D          0x08000322   Section        8  __rtentry2.o(.ARM.Collect$$rtentry$$0000000D)
    .ARM.Collect$$rtexit$$00000000           0x0800032a   Section        2  rtexit.o(.ARM.Collect$$rtexit$$00000000)
    .ARM.Collect$$rtexit$$00000002           0x0800032c   Section        0  rtexit2.o(.ARM.Collect$$rtexit$$00000002)
    .ARM.Collect$$rtexit$$00000003           0x0800032c   Section        4  rtexit2.o(.ARM.Collect$$rtexit$$00000003)
    .ARM.Collect$$rtexit$$00000004           0x08000330   Section        6  rtexit2.o(.ARM.Collect$$rtexit$$00000004)
    $v0                                      0x08000338   Number         0  startup_stm32h750xx.o(.text)
    .text                                    0x08000338   Section       64  startup_stm32h750xx.o(.text)
    .text                                    0x08000378   Section      240  lludivv7m.o(.text)
    .text                                    0x08000468   Section        0  heapauxi.o(.text)
    .text                                    0x0800046e   Section       74  sys_stackheap_outer.o(.text)
    .text                                    0x080004b8   Section        0  exit.o(.text)
    .text                                    0x080004cc   Section        8  libspace.o(.text)
    .text                                    0x080004d4   Section        0  sys_exit.o(.text)
    .text                                    0x080004e0   Section        2  use_no_semi.o(.text)
    .text                                    0x080004e2   Section        0  indicate_semi.o(.text)
    [Anonymous Symbol]                       0x080004e8   Section        0  stm32h7xx_it.o(.text.BusFault_Handler)
    [Anonymous Symbol]                       0x080004f0   Section        0  stm32h7xx_it.o(.text.DebugMon_Handler)
    [Anonymous Symbol]                       0x080004f8   Section        0  stm32h7xx_it.o(.text.EXTI1_IRQHandler)
    [Anonymous Symbol]                       0x08000538   Section        0  stm32h7xx_it.o(.text.HardFault_Handler)
    [Anonymous Symbol]                       0x08000540   Section        0  stm32h7xx_ll_exti.o(.text.LL_EXTI_Init)
    [Anonymous Symbol]                       0x08000760   Section        0  stm32h7xx_ll_gpio.o(.text.LL_GPIO_Init)
    [Anonymous Symbol]                       0x08000830   Section        0  stm32h7xx_ll_utils.o(.text.LL_Init1msTick)
    [Anonymous Symbol]                       0x08000858   Section        0  stm32h7xx_ll_lpuart.o(.text.LL_LPUART_Init)
    LPUART_PRESCALER_TAB                     0x080008e8   Number         0  stm32h7xx_ll_lpuart.o(.text.LL_LPUART_Init)
    [Anonymous Symbol]                       0x08000900   Section        0  stm32h7xx_ll_rcc.o(.text.LL_RCC_GetLPUARTClockFreq)
    [Anonymous Symbol]                       0x08000a18   Section        0  stm32h7xx_ll_rcc.o(.text.LL_RCC_GetPLL1ClockFreq)
    [Anonymous Symbol]                       0x08000bb8   Section        0  stm32h7xx_ll_rcc.o(.text.LL_RCC_GetPLL2ClockFreq)
    [Anonymous Symbol]                       0x08000d58   Section        0  stm32h7xx_ll_rcc.o(.text.LL_RCC_GetPLL3ClockFreq)
    [Anonymous Symbol]                       0x08000ee8   Section        0  stm32h7xx_ll_utils.o(.text.LL_SetSystemCoreClock)
    [Anonymous Symbol]                       0x08000ef8   Section        0  stm32h7xx_it.o(.text.MemManage_Handler)
    [Anonymous Symbol]                       0x08000f00   Section        0  stm32h7xx_it.o(.text.NMI_Handler)
    [Anonymous Symbol]                       0x08000f08   Section        0  stm32h7xx_it.o(.text.PendSV_Handler)
    [Anonymous Symbol]                       0x08000f10   Section        0  stm32h7xx_it.o(.text.SVC_Handler)
    [Anonymous Symbol]                       0x08000f18   Section        0  stm32h7xx_it.o(.text.SysTick_Handler)
    [Anonymous Symbol]                       0x08000f20   Section        0  main.o(.text.SystemClock_Config)
    [Anonymous Symbol]                       0x080010b0   Section        0  system_stm32h7xx.o(.text.SystemInit)
    [Anonymous Symbol]                       0x08001180   Section        0  stm32h7xx_it.o(.text.UsageFault_Handler)
    [Anonymous Symbol]                       0x08001188   Section        0  main.o(.text.main)
    $v0                                      0x0800140a   Number         0  fpinit.o(x$fpl$fpinit)
    x$fpl$fpinit                             0x0800140a   Section       26  fpinit.o(x$fpl$fpinit)
    .L_MergedGlobals                         0x24000000   Data           8  system_stm32h7xx.o(.data..L_MergedGlobals)
    [Anonymous Symbol]                       0x24000000   Section        0  system_stm32h7xx.o(.data..L_MergedGlobals)
    .bss                                     0x24000008   Section       96  libspace.o(.bss)
    Heap_Mem                                 0x24000068   Data         512  startup_stm32h750xx.o(HEAP)
    HEAP                                     0x24000068   Section      512  startup_stm32h750xx.o(HEAP)
    Stack_Mem                                0x24000268   Data        1024  startup_stm32h750xx.o(STACK)
    STACK                                    0x24000268   Section     1024  startup_stm32h750xx.o(STACK)
    __initial_sp                             0x24000668   Data           0  startup_stm32h750xx.o(STACK)

    Global Symbols

    Symbol Name                              Value     Ov Type        Size  Object(Section)

    BuildAttributes$$THM_ISAv4$E$P$D$K$B$S$7EM$VFPv5_D16$PE$PLD8$A:L22UL41UL21$X:L11$S22US41US21$IEEE1$IW$~IW$USESV6$~STKCKD$USESV7$~SHL$OTIME$ROPI$EBA8$UX$STANDARDLIB$REQ8$PRES8$EABIv2 0x00000000   Number         0  anon$$obj.o ABSOLUTE
    __ARM_exceptions_init                     - Undefined Weak Reference
    __alloca_initialize                       - Undefined Weak Reference
    __arm_preinit_                            - Undefined Weak Reference
    __arm_relocate_pie_                       - Undefined Weak Reference
    __cpp_initialize__aeabi_                  - Undefined Weak Reference
    __cxa_finalize                            - Undefined Weak Reference
    __rt_locale                               - Undefined Weak Reference
    __sigvec_lookup                           - Undefined Weak Reference
    _atexit_init                              - Undefined Weak Reference
    _call_atexit_fns                          - Undefined Weak Reference
    _clock_init                               - Undefined Weak Reference
    _fp_trap_init                             - Undefined Weak Reference
    _fp_trap_shutdown                         - Undefined Weak Reference
    _get_lc_collate                           - Undefined Weak Reference
    _get_lc_ctype                             - Undefined Weak Reference
    _get_lc_monetary                          - Undefined Weak Reference
    _get_lc_numeric                           - Undefined Weak Reference
    _get_lc_time                              - Undefined Weak Reference
    _getenv_init                              - Undefined Weak Reference
    _handle_redirection                       - Undefined Weak Reference
    _init_alloc                               - Undefined Weak Reference
    _init_user_alloc                          - Undefined Weak Reference
    _initio                                   - Undefined Weak Reference
    _rand_init                                - Undefined Weak Reference
    _signal_finish                            - Undefined Weak Reference
    _signal_init                              - Undefined Weak Reference
    _terminate_alloc                          - Undefined Weak Reference
    _terminate_user_alloc                     - Undefined Weak Reference
    _terminateio                              - Undefined Weak Reference
    __Vectors_Size                           0x00000298   Number         0  startup_stm32h750xx.o ABSOLUTE
    __Vectors                                0x08000000   Data           4  startup_stm32h750xx.o(RESET)
    __Vectors_End                            0x08000298   Data           0  startup_stm32h750xx.o(RESET)
    __main                                   0x08000299   Thumb Code     8  __main.o(!!!main)
    __scatterload                            0x080002a1   Thumb Code     0  __scatter.o(!!!scatter)
    __scatterload_rt2                        0x080002a1   Thumb Code    44  __scatter.o(!!!scatter)
    __scatterload_rt2_thumb_only             0x080002a1   Thumb Code     0  __scatter.o(!!!scatter)
    __scatterload_null                       0x080002af   Thumb Code     0  __scatter.o(!!!scatter)
    __scatterload_copy                       0x080002d5   Thumb Code    26  __scatter_copy.o(!!handler_copy)
    __scatterload_zeroinit                   0x080002f1   Thumb Code    28  __scatter_zi.o(!!handler_zi)
    __rt_lib_init                            0x0800030d   Thumb Code     0  libinit.o(.ARM.Collect$$libinit$$00000000)
    __rt_lib_init_fp_1                       0x0800030f   Thumb Code     0  libinit2.o(.ARM.Collect$$libinit$$00000001)
    __rt_lib_init_alloca_1                   0x08000313   Thumb Code     0  libinit2.o(.ARM.Collect$$libinit$$00000030)
    __rt_lib_init_argv_1                     0x08000313   Thumb Code     0  libinit2.o(.ARM.Collect$$libinit$$0000002E)
    __rt_lib_init_atexit_1                   0x08000313   Thumb Code     0  libinit2.o(.ARM.Collect$$libinit$$0000001D)
    __rt_lib_init_clock_1                    0x08000313   Thumb Code     0  libinit2.o(.ARM.Collect$$libinit$$00000023)
    __rt_lib_init_cpp_1                      0x08000313   Thumb Code     0  libinit2.o(.ARM.Collect$$libinit$$00000034)
    __rt_lib_init_exceptions_1               0x08000313   Thumb Code     0  libinit2.o(.ARM.Collect$$libinit$$00000032)
    __rt_lib_init_fp_trap_1                  0x08000313   Thumb Code     0  libinit2.o(.ARM.Collect$$libinit$$00000021)
    __rt_lib_init_getenv_1                   0x08000313   Thumb Code     0  libinit2.o(.ARM.Collect$$libinit$$00000025)
    __rt_lib_init_heap_1                     0x08000313   Thumb Code     0  libinit2.o(.ARM.Collect$$libinit$$0000000C)
    __rt_lib_init_lc_collate_1               0x08000313   Thumb Code     0  libinit2.o(.ARM.Collect$$libinit$$00000013)
    __rt_lib_init_lc_ctype_1                 0x08000313   Thumb Code     0  libinit2.o(.ARM.Collect$$libinit$$00000015)
    __rt_lib_init_lc_monetary_1              0x08000313   Thumb Code     0  libinit2.o(.ARM.Collect$$libinit$$00000017)
    __rt_lib_init_lc_numeric_1               0x08000313   Thumb Code     0  libinit2.o(.ARM.Collect$$libinit$$00000019)
    __rt_lib_init_lc_time_1                  0x08000313   Thumb Code     0  libinit2.o(.ARM.Collect$$libinit$$0000001B)
    __rt_lib_init_preinit_1                  0x08000313   Thumb Code     0  libinit2.o(.ARM.Collect$$libinit$$00000006)
    __rt_lib_init_rand_1                     0x08000313   Thumb Code     0  libinit2.o(.ARM.Collect$$libinit$$00000010)
    __rt_lib_init_relocate_pie_1             0x08000313   Thumb Code     0  libinit2.o(.ARM.Collect$$libinit$$00000004)
    __rt_lib_init_return                     0x08000313   Thumb Code     0  libinit2.o(.ARM.Collect$$libinit$$00000035)
    __rt_lib_init_signal_1                   0x08000313   Thumb Code     0  libinit2.o(.ARM.Collect$$libinit$$0000001F)
    __rt_lib_init_stdio_1                    0x08000313   Thumb Code     0  libinit2.o(.ARM.Collect$$libinit$$00000027)
    __rt_lib_init_user_alloc_1               0x08000313   Thumb Code     0  libinit2.o(.ARM.Collect$$libinit$$0000000E)
    __rt_lib_shutdown                        0x08000315   Thumb Code     0  libshutdown.o(.ARM.Collect$$libshutdown$$00000000)
    __rt_lib_shutdown_cpp_1                  0x08000317   Thumb Code     0  libshutdown2.o(.ARM.Collect$$libshutdown$$00000002)
    __rt_lib_shutdown_fp_trap_1              0x08000317   Thumb Code     0  libshutdown2.o(.ARM.Collect$$libshutdown$$00000007)
    __rt_lib_shutdown_heap_1                 0x08000317   Thumb Code     0  libshutdown2.o(.ARM.Collect$$libshutdown$$0000000F)
    __rt_lib_shutdown_return                 0x08000317   Thumb Code     0  libshutdown2.o(.ARM.Collect$$libshutdown$$00000010)
    __rt_lib_shutdown_signal_1               0x08000317   Thumb Code     0  libshutdown2.o(.ARM.Collect$$libshutdown$$0000000A)
    __rt_lib_shutdown_stdio_1                0x08000317   Thumb Code     0  libshutdown2.o(.ARM.Collect$$libshutdown$$00000004)
    __rt_lib_shutdown_user_alloc_1           0x08000317   Thumb Code     0  libshutdown2.o(.ARM.Collect$$libshutdown$$0000000C)
    __rt_entry                               0x08000319   Thumb Code     0  __rtentry.o(.ARM.Collect$$rtentry$$00000000)
    __rt_entry_presh_1                       0x08000319   Thumb Code     0  __rtentry2.o(.ARM.Collect$$rtentry$$00000002)
    __rt_entry_sh                            0x08000319   Thumb Code     0  __rtentry4.o(.ARM.Collect$$rtentry$$00000004)
    __rt_entry_li                            0x0800031f   Thumb Code     0  __rtentry2.o(.ARM.Collect$$rtentry$$0000000A)
    __rt_entry_postsh_1                      0x0800031f   Thumb Code     0  __rtentry2.o(.ARM.Collect$$rtentry$$00000009)
    __rt_entry_main                          0x08000323   Thumb Code     0  __rtentry2.o(.ARM.Collect$$rtentry$$0000000D)
    __rt_entry_postli_1                      0x08000323   Thumb Code     0  __rtentry2.o(.ARM.Collect$$rtentry$$0000000C)
    __rt_exit                                0x0800032b   Thumb Code     0  rtexit.o(.ARM.Collect$$rtexit$$00000000)
    __rt_exit_ls                             0x0800032d   Thumb Code     0  rtexit2.o(.ARM.Collect$$rtexit$$00000003)
    __rt_exit_prels_1                        0x0800032d   Thumb Code     0  rtexit2.o(.ARM.Collect$$rtexit$$00000002)
    __rt_exit_exit                           0x08000331   Thumb Code     0  rtexit2.o(.ARM.Collect$$rtexit$$00000004)
    Reset_Handler                            0x08000339   Thumb Code     8  startup_stm32h750xx.o(.text)
    ADC3_IRQHandler                          0x08000353   Thumb Code     0  startup_stm32h750xx.o(.text)
    ADC_IRQHandler                           0x08000353   Thumb Code     0  startup_stm32h750xx.o(.text)
    BDMA_Channel0_IRQHandler                 0x08000353   Thumb Code     0  startup_stm32h750xx.o(.text)
    BDMA_Channel1_IRQHandler                 0x08000353   Thumb Code     0  startup_stm32h750xx.o(.text)
    BDMA_Channel2_IRQHandler                 0x08000353   Thumb Code     0  startup_stm32h750xx.o(.text)
    BDMA_Channel3_IRQHandler                 0x08000353   Thumb Code     0  startup_stm32h750xx.o(.text)
    BDMA_Channel4_IRQHandler                 0x08000353   Thumb Code     0  startup_stm32h750xx.o(.text)
    BDMA_Channel5_IRQHandler                 0x08000353   Thumb Code     0  startup_stm32h750xx.o(.text)
    BDMA_Channel6_IRQHandler                 0x08000353   Thumb Code     0  startup_stm32h750xx.o(.text)
    BDMA_Channel7_IRQHandler                 0x08000353   Thumb Code     0  startup_stm32h750xx.o(.text)
    CEC_IRQHandler                           0x08000353   Thumb Code     0  startup_stm32h750xx.o(.text)
    COMP1_IRQHandler                         0x08000353   Thumb Code     0  startup_stm32h750xx.o(.text)
    CRS_IRQHandler                           0x08000353   Thumb Code     0  startup_stm32h750xx.o(.text)
    CRYP_IRQHandler                          0x08000353   Thumb Code     0  startup_stm32h750xx.o(.text)
    DCMI_IRQHandler                          0x08000353   Thumb Code     0  startup_stm32h750xx.o(.text)
    DFSDM1_FLT0_IRQHandler                   0x08000353   Thumb Code     0  startup_stm32h750xx.o(.text)
    DFSDM1_FLT1_IRQHandler                   0x08000353   Thumb Code     0  startup_stm32h750xx.o(.text)
    DFSDM1_FLT2_IRQHandler                   0x08000353   Thumb Code     0  startup_stm32h750xx.o(.text)
    DFSDM1_FLT3_IRQHandler                   0x08000353   Thumb Code     0  startup_stm32h750xx.o(.text)
    DMA1_Stream0_IRQHandler                  0x08000353   Thumb Code     0  startup_stm32h750xx.o(.text)
    DMA1_Stream1_IRQHandler                  0x08000353   Thumb Code     0  startup_stm32h750xx.o(.text)
    DMA1_Stream2_IRQHandler                  0x08000353   Thumb Code     0  startup_stm32h750xx.o(.text)
    DMA1_Stream3_IRQHandler                  0x08000353   Thumb Code     0  startup_stm32h750xx.o(.text)
    DMA1_Stream4_IRQHandler                  0x08000353   Thumb Code     0  startup_stm32h750xx.o(.text)
    DMA1_Stream5_IRQHandler                  0x08000353   Thumb Code     0  startup_stm32h750xx.o(.text)
    DMA1_Stream6_IRQHandler                  0x08000353   Thumb Code     0  startup_stm32h750xx.o(.text)
    DMA1_Stream7_IRQHandler                  0x08000353   Thumb Code     0  startup_stm32h750xx.o(.text)
    DMA2D_IRQHandler                         0x08000353   Thumb Code     0  startup_stm32h750xx.o(.text)
    DMA2_Stream0_IRQHandler                  0x08000353   Thumb Code     0  startup_stm32h750xx.o(.text)
    DMA2_Stream1_IRQHandler                  0x08000353   Thumb Code     0  startup_stm32h750xx.o(.text)
    DMA2_Stream2_IRQHandler                  0x08000353   Thumb Code     0  startup_stm32h750xx.o(.text)
    DMA2_Stream3_IRQHandler                  0x08000353   Thumb Code     0  startup_stm32h750xx.o(.text)
    DMA2_Stream4_IRQHandler                  0x08000353   Thumb Code     0  startup_stm32h750xx.o(.text)
    DMA2_Stream5_IRQHandler                  0x08000353   Thumb Code     0  startup_stm32h750xx.o(.text)
    DMA2_Stream6_IRQHandler                  0x08000353   Thumb Code     0  startup_stm32h750xx.o(.text)
    DMA2_Stream7_IRQHandler                  0x08000353   Thumb Code     0  startup_stm32h750xx.o(.text)
    DMAMUX1_OVR_IRQHandler                   0x08000353   Thumb Code     0  startup_stm32h750xx.o(.text)
    DMAMUX2_OVR_IRQHandler                   0x08000353   Thumb Code     0  startup_stm32h750xx.o(.text)
    ECC_IRQHandler                           0x08000353   Thumb Code     0  startup_stm32h750xx.o(.text)
    ETH_IRQHandler                           0x08000353   Thumb Code     0  startup_stm32h750xx.o(.text)
    ETH_WKUP_IRQHandler                      0x08000353   Thumb Code     0  startup_stm32h750xx.o(.text)
    EXTI0_IRQHandler                         0x08000353   Thumb Code     0  startup_stm32h750xx.o(.text)
    EXTI15_10_IRQHandler                     0x08000353   Thumb Code     0  startup_stm32h750xx.o(.text)
    EXTI2_IRQHandler                         0x08000353   Thumb Code     0  startup_stm32h750xx.o(.text)
    EXTI3_IRQHandler                         0x08000353   Thumb Code     0  startup_stm32h750xx.o(.text)
    EXTI4_IRQHandler                         0x08000353   Thumb Code     0  startup_stm32h750xx.o(.text)
    EXTI9_5_IRQHandler                       0x08000353   Thumb Code     0  startup_stm32h750xx.o(.text)
    FDCAN1_IT0_IRQHandler                    0x08000353   Thumb Code     0  startup_stm32h750xx.o(.text)
    FDCAN1_IT1_IRQHandler                    0x08000353   Thumb Code     0  startup_stm32h750xx.o(.text)
    FDCAN2_IT0_IRQHandler                    0x08000353   Thumb Code     0  startup_stm32h750xx.o(.text)
    FDCAN2_IT1_IRQHandler                    0x08000353   Thumb Code     0  startup_stm32h750xx.o(.text)
    FDCAN_CAL_IRQHandler                     0x08000353   Thumb Code     0  startup_stm32h750xx.o(.text)
    FLASH_IRQHandler                         0x08000353   Thumb Code     0  startup_stm32h750xx.o(.text)
    FMC_IRQHandler                           0x08000353   Thumb Code     0  startup_stm32h750xx.o(.text)
    FPU_IRQHandler                           0x08000353   Thumb Code     0  startup_stm32h750xx.o(.text)
    HASH_RNG_IRQHandler                      0x08000353   Thumb Code     0  startup_stm32h750xx.o(.text)
    HRTIM1_FLT_IRQHandler                    0x08000353   Thumb Code     0  startup_stm32h750xx.o(.text)
    HRTIM1_Master_IRQHandler                 0x08000353   Thumb Code     0  startup_stm32h750xx.o(.text)
    HRTIM1_TIMA_IRQHandler                   0x08000353   Thumb Code     0  startup_stm32h750xx.o(.text)
    HRTIM1_TIMB_IRQHandler                   0x08000353   Thumb Code     0  startup_stm32h750xx.o(.text)
    HRTIM1_TIMC_IRQHandler                   0x08000353   Thumb Code     0  startup_stm32h750xx.o(.text)
    HRTIM1_TIMD_IRQHandler                   0x08000353   Thumb Code     0  startup_stm32h750xx.o(.text)
    HRTIM1_TIME_IRQHandler                   0x08000353   Thumb Code     0  startup_stm32h750xx.o(.text)
    HSEM1_IRQHandler                         0x08000353   Thumb Code     0  startup_stm32h750xx.o(.text)
    I2C1_ER_IRQHandler                       0x08000353   Thumb Code     0  startup_stm32h750xx.o(.text)
    I2C1_EV_IRQHandler                       0x08000353   Thumb Code     0  startup_stm32h750xx.o(.text)
    I2C2_ER_IRQHandler                       0x08000353   Thumb Code     0  startup_stm32h750xx.o(.text)
    I2C2_EV_IRQHandler                       0x08000353   Thumb Code     0  startup_stm32h750xx.o(.text)
    I2C3_ER_IRQHandler                       0x08000353   Thumb Code     0  startup_stm32h750xx.o(.text)
    I2C3_EV_IRQHandler                       0x08000353   Thumb Code     0  startup_stm32h750xx.o(.text)
    I2C4_ER_IRQHandler                       0x08000353   Thumb Code     0  startup_stm32h750xx.o(.text)
    I2C4_EV_IRQHandler                       0x08000353   Thumb Code     0  startup_stm32h750xx.o(.text)
    JPEG_IRQHandler                          0x08000353   Thumb Code     0  startup_stm32h750xx.o(.text)
    LPTIM1_IRQHandler                        0x08000353   Thumb Code     0  startup_stm32h750xx.o(.text)
    LPTIM2_IRQHandler                        0x08000353   Thumb Code     0  startup_stm32h750xx.o(.text)
    LPTIM3_IRQHandler                        0x08000353   Thumb Code     0  startup_stm32h750xx.o(.text)
    LPTIM4_IRQHandler                        0x08000353   Thumb Code     0  startup_stm32h750xx.o(.text)
    LPTIM5_IRQHandler                        0x08000353   Thumb Code     0  startup_stm32h750xx.o(.text)
    LPUART1_IRQHandler                       0x08000353   Thumb Code     0  startup_stm32h750xx.o(.text)
    LTDC_ER_IRQHandler                       0x08000353   Thumb Code     0  startup_stm32h750xx.o(.text)
    LTDC_IRQHandler                          0x08000353   Thumb Code     0  startup_stm32h750xx.o(.text)
    MDIOS_IRQHandler                         0x08000353   Thumb Code     0  startup_stm32h750xx.o(.text)
    MDIOS_WKUP_IRQHandler                    0x08000353   Thumb Code     0  startup_stm32h750xx.o(.text)
    MDMA_IRQHandler                          0x08000353   Thumb Code     0  startup_stm32h750xx.o(.text)
    OTG_FS_EP1_IN_IRQHandler                 0x08000353   Thumb Code     0  startup_stm32h750xx.o(.text)
    OTG_FS_EP1_OUT_IRQHandler                0x08000353   Thumb Code     0  startup_stm32h750xx.o(.text)
    OTG_FS_IRQHandler                        0x08000353   Thumb Code     0  startup_stm32h750xx.o(.text)
    OTG_FS_WKUP_IRQHandler                   0x08000353   Thumb Code     0  startup_stm32h750xx.o(.text)
    OTG_HS_EP1_IN_IRQHandler                 0x08000353   Thumb Code     0  startup_stm32h750xx.o(.text)
    OTG_HS_EP1_OUT_IRQHandler                0x08000353   Thumb Code     0  startup_stm32h750xx.o(.text)
    OTG_HS_IRQHandler                        0x08000353   Thumb Code     0  startup_stm32h750xx.o(.text)
    OTG_HS_WKUP_IRQHandler                   0x08000353   Thumb Code     0  startup_stm32h750xx.o(.text)
    PVD_AVD_IRQHandler                       0x08000353   Thumb Code     0  startup_stm32h750xx.o(.text)
    QUADSPI_IRQHandler                       0x08000353   Thumb Code     0  startup_stm32h750xx.o(.text)
    RCC_IRQHandler                           0x08000353   Thumb Code     0  startup_stm32h750xx.o(.text)
    RTC_Alarm_IRQHandler                     0x08000353   Thumb Code     0  startup_stm32h750xx.o(.text)
    RTC_WKUP_IRQHandler                      0x08000353   Thumb Code     0  startup_stm32h750xx.o(.text)
    SAI1_IRQHandler                          0x08000353   Thumb Code     0  startup_stm32h750xx.o(.text)
    SAI2_IRQHandler                          0x08000353   Thumb Code     0  startup_stm32h750xx.o(.text)
    SAI3_IRQHandler                          0x08000353   Thumb Code     0  startup_stm32h750xx.o(.text)
    SAI4_IRQHandler                          0x08000353   Thumb Code     0  startup_stm32h750xx.o(.text)
    SDMMC1_IRQHandler                        0x08000353   Thumb Code     0  startup_stm32h750xx.o(.text)
    SDMMC2_IRQHandler                        0x08000353   Thumb Code     0  startup_stm32h750xx.o(.text)
    SPDIF_RX_IRQHandler                      0x08000353   Thumb Code     0  startup_stm32h750xx.o(.text)
    SPI1_IRQHandler                          0x08000353   Thumb Code     0  startup_stm32h750xx.o(.text)
    SPI2_IRQHandler                          0x08000353   Thumb Code     0  startup_stm32h750xx.o(.text)
    SPI3_IRQHandler                          0x08000353   Thumb Code     0  startup_stm32h750xx.o(.text)
    SPI4_IRQHandler                          0x08000353   Thumb Code     0  startup_stm32h750xx.o(.text)
    SPI5_IRQHandler                          0x08000353   Thumb Code     0  startup_stm32h750xx.o(.text)
    SPI6_IRQHandler                          0x08000353   Thumb Code     0  startup_stm32h750xx.o(.text)
    SWPMI1_IRQHandler                        0x08000353   Thumb Code     0  startup_stm32h750xx.o(.text)
    TAMP_STAMP_IRQHandler                    0x08000353   Thumb Code     0  startup_stm32h750xx.o(.text)
    TIM15_IRQHandler                         0x08000353   Thumb Code     0  startup_stm32h750xx.o(.text)
    TIM16_IRQHandler                         0x08000353   Thumb Code     0  startup_stm32h750xx.o(.text)
    TIM17_IRQHandler                         0x08000353   Thumb Code     0  startup_stm32h750xx.o(.text)
    TIM1_BRK_IRQHandler                      0x08000353   Thumb Code     0  startup_stm32h750xx.o(.text)
    TIM1_CC_IRQHandler                       0x08000353   Thumb Code     0  startup_stm32h750xx.o(.text)
    TIM1_TRG_COM_IRQHandler                  0x08000353   Thumb Code     0  startup_stm32h750xx.o(.text)
    TIM1_UP_IRQHandler                       0x08000353   Thumb Code     0  startup_stm32h750xx.o(.text)
    TIM2_IRQHandler                          0x08000353   Thumb Code     0  startup_stm32h750xx.o(.text)
    TIM3_IRQHandler                          0x08000353   Thumb Code     0  startup_stm32h750xx.o(.text)
    TIM4_IRQHandler                          0x08000353   Thumb Code     0  startup_stm32h750xx.o(.text)
    TIM5_IRQHandler                          0x08000353   Thumb Code     0  startup_stm32h750xx.o(.text)
    TIM6_DAC_IRQHandler                      0x08000353   Thumb Code     0  startup_stm32h750xx.o(.text)
    TIM7_IRQHandler                          0x08000353   Thumb Code     0  startup_stm32h750xx.o(.text)
    TIM8_BRK_TIM12_IRQHandler                0x08000353   Thumb Code     0  startup_stm32h750xx.o(.text)
    TIM8_CC_IRQHandler                       0x08000353   Thumb Code     0  startup_stm32h750xx.o(.text)
    TIM8_TRG_COM_TIM14_IRQHandler            0x08000353   Thumb Code     0  startup_stm32h750xx.o(.text)
    TIM8_UP_TIM13_IRQHandler                 0x08000353   Thumb Code     0  startup_stm32h750xx.o(.text)
    UART4_IRQHandler                         0x08000353   Thumb Code     0  startup_stm32h750xx.o(.text)
    UART5_IRQHandler                         0x08000353   Thumb Code     0  startup_stm32h750xx.o(.text)
    UART7_IRQHandler                         0x08000353   Thumb Code     0  startup_stm32h750xx.o(.text)
    UART8_IRQHandler                         0x08000353   Thumb Code     0  startup_stm32h750xx.o(.text)
    USART1_IRQHandler                        0x08000353   Thumb Code     0  startup_stm32h750xx.o(.text)
    USART2_IRQHandler                        0x08000353   Thumb Code     0  startup_stm32h750xx.o(.text)
    USART3_IRQHandler                        0x08000353   Thumb Code     0  startup_stm32h750xx.o(.text)
    USART6_IRQHandler                        0x08000353   Thumb Code     0  startup_stm32h750xx.o(.text)
    WAKEUP_PIN_IRQHandler                    0x08000353   Thumb Code     0  startup_stm32h750xx.o(.text)
    WWDG_IRQHandler                          0x08000353   Thumb Code     0  startup_stm32h750xx.o(.text)
    __user_initial_stackheap                 0x08000355   Thumb Code     0  startup_stm32h750xx.o(.text)
    __aeabi_uldivmod                         0x08000379   Thumb Code     0  lludivv7m.o(.text)
    _ll_udiv                                 0x08000379   Thumb Code   240  lludivv7m.o(.text)
    __use_two_region_memory                  0x08000469   Thumb Code     2  heapauxi.o(.text)
    __rt_heap_escrow$2region                 0x0800046b   Thumb Code     2  heapauxi.o(.text)
    __rt_heap_expand$2region                 0x0800046d   Thumb Code     2  heapauxi.o(.text)
    __user_setup_stackheap                   0x0800046f   Thumb Code    74  sys_stackheap_outer.o(.text)
    exit                                     0x080004b9   Thumb Code    18  exit.o(.text)
    __user_libspace                          0x080004cd   Thumb Code     8  libspace.o(.text)
    __user_perproc_libspace                  0x080004cd   Thumb Code     0  libspace.o(.text)
    __user_perthread_libspace                0x080004cd   Thumb Code     0  libspace.o(.text)
    _sys_exit                                0x080004d5   Thumb Code     8  sys_exit.o(.text)
    __I$use$semihosting                      0x080004e1   Thumb Code     0  use_no_semi.o(.text)
    __use_no_semihosting_swi                 0x080004e1   Thumb Code     2  use_no_semi.o(.text)
    __semihosting_library_function           0x080004e3   Thumb Code     0  indicate_semi.o(.text)
    BusFault_Handler                         0x080004e9   Thumb Code     2  stm32h7xx_it.o(.text.BusFault_Handler)
    DebugMon_Handler                         0x080004f1   Thumb Code     2  stm32h7xx_it.o(.text.DebugMon_Handler)
    EXTI1_IRQHandler                         0x080004f9   Thumb Code    58  stm32h7xx_it.o(.text.EXTI1_IRQHandler)
    HardFault_Handler                        0x08000539   Thumb Code     2  stm32h7xx_it.o(.text.HardFault_Handler)
    LL_EXTI_Init                             0x08000541   Thumb Code   544  stm32h7xx_ll_exti.o(.text.LL_EXTI_Init)
    LL_GPIO_Init                             0x08000761   Thumb Code   206  stm32h7xx_ll_gpio.o(.text.LL_GPIO_Init)
    LL_Init1msTick                           0x08000831   Thumb Code    40  stm32h7xx_ll_utils.o(.text.LL_Init1msTick)
    LL_LPUART_Init                           0x08000859   Thumb Code   144  stm32h7xx_ll_lpuart.o(.text.LL_LPUART_Init)
    LL_RCC_GetLPUARTClockFreq                0x08000901   Thumb Code   274  stm32h7xx_ll_rcc.o(.text.LL_RCC_GetLPUARTClockFreq)
    LL_RCC_GetPLL1ClockFreq                  0x08000a19   Thumb Code   416  stm32h7xx_ll_rcc.o(.text.LL_RCC_GetPLL1ClockFreq)
    LL_RCC_GetPLL2ClockFreq                  0x08000bb9   Thumb Code   416  stm32h7xx_ll_rcc.o(.text.LL_RCC_GetPLL2ClockFreq)
    LL_RCC_GetPLL3ClockFreq                  0x08000d59   Thumb Code   396  stm32h7xx_ll_rcc.o(.text.LL_RCC_GetPLL3ClockFreq)
    LL_SetSystemCoreClock                    0x08000ee9   Thumb Code    12  stm32h7xx_ll_utils.o(.text.LL_SetSystemCoreClock)
    MemManage_Handler                        0x08000ef9   Thumb Code     2  stm32h7xx_it.o(.text.MemManage_Handler)
    NMI_Handler                              0x08000f01   Thumb Code     2  stm32h7xx_it.o(.text.NMI_Handler)
    PendSV_Handler                           0x08000f09   Thumb Code     2  stm32h7xx_it.o(.text.PendSV_Handler)
    SVC_Handler                              0x08000f11   Thumb Code     2  stm32h7xx_it.o(.text.SVC_Handler)
    SysTick_Handler                          0x08000f19   Thumb Code     2  stm32h7xx_it.o(.text.SysTick_Handler)
    SystemClock_Config                       0x08000f21   Thumb Code   398  main.o(.text.SystemClock_Config)
    SystemInit                               0x080010b1   Thumb Code   204  system_stm32h7xx.o(.text.SystemInit)
    UsageFault_Handler                       0x08001181   Thumb Code     2  stm32h7xx_it.o(.text.UsageFault_Handler)
    main                                     0x08001189   Thumb Code   642  main.o(.text.main)
    _fp_init                                 0x0800140b   Thumb Code    26  fpinit.o(x$fpl$fpinit)
    __fplib_config_fpu_vfp                   0x08001423   Thumb Code     0  fpinit.o(x$fpl$fpinit)
    __fplib_config_pureend_doubles           0x08001423   Thumb Code     0  fpinit.o(x$fpl$fpinit)
    LL_RCC_PrescTable                        0x08001424   Data          16  stm32h7xx_ll_rcc.o(.rodata.LL_RCC_PrescTable)
    Region$$Table$$Base                      0x08001434   Number         0  anon$$obj.o(Region$$Table)
    Region$$Table$$Limit                     0x08001454   Number         0  anon$$obj.o(Region$$Table)
    SystemCoreClock                          0x24000000   Data           4  system_stm32h7xx.o(.data..L_MergedGlobals)
    SystemD2Clock                            0x24000004   Data           4  system_stm32h7xx.o(.data..L_MergedGlobals)
    __libspace_start                         0x24000008   Data          96  libspace.o(.bss)
    __temporary_stack_top$libspace           0x24000068   Data           0  libspace.o(.bss)



==============================================================================

Memory Map of the image

  Image Entry point : 0x08000299

  Load Region LR_IROM1 (Base: 0x08000000, Size: 0x00001460, Max: 0x00020000, ABSOLUTE)

    Execution Region ER_IROM1 (Exec base: 0x08000000, Load base: 0x08000000, Size: 0x00001454, Max: 0x00020000, ABSOLUTE)

    Exec Addr    Load Addr    Size         Type   Attr      Idx    E Section Name        Object

    0x08000000   0x08000000   0x00000298   Data   RO            3    RESET               startup_stm32h750xx.o
    0x08000298   0x08000298   0x00000008   Code   RO          217  * !!!main             c_w.l(__main.o)
    0x080002a0   0x080002a0   0x00000034   Code   RO          392    !!!scatter          c_w.l(__scatter.o)
    0x080002d4   0x080002d4   0x0000001a   Code   RO          394    !!handler_copy      c_w.l(__scatter_copy.o)
    0x080002ee   0x080002ee   0x00000002   PAD
    0x080002f0   0x080002f0   0x0000001c   Code   RO          396    !!handler_zi        c_w.l(__scatter_zi.o)
    0x0800030c   0x0800030c   0x00000002   Code   RO          254    .ARM.Collect$$libinit$$00000000  c_w.l(libinit.o)
    0x0800030e   0x0800030e   0x00000004   Code   RO          266    .ARM.Collect$$libinit$$00000001  c_w.l(libinit2.o)
    0x08000312   0x08000312   0x00000000   Code   RO          269    .ARM.Collect$$libinit$$00000004  c_w.l(libinit2.o)
    0x08000312   0x08000312   0x00000000   Code   RO          271    .ARM.Collect$$libinit$$00000006  c_w.l(libinit2.o)
    0x08000312   0x08000312   0x00000000   Code   RO          274    .ARM.Collect$$libinit$$0000000C  c_w.l(libinit2.o)
    0x08000312   0x08000312   0x00000000   Code   RO          276    .ARM.Collect$$libinit$$0000000E  c_w.l(libinit2.o)
    0x08000312   0x08000312   0x00000000   Code   RO          278    .ARM.Collect$$libinit$$00000010  c_w.l(libinit2.o)
    0x08000312   0x08000312   0x00000000   Code   RO          281    .ARM.Collect$$libinit$$00000013  c_w.l(libinit2.o)
    0x08000312   0x08000312   0x00000000   Code   RO          283    .ARM.Collect$$libinit$$00000015  c_w.l(libinit2.o)
    0x08000312   0x08000312   0x00000000   Code   RO          285    .ARM.Collect$$libinit$$00000017  c_w.l(libinit2.o)
    0x08000312   0x08000312   0x00000000   Code   RO          287    .ARM.Collect$$libinit$$00000019  c_w.l(libinit2.o)
    0x08000312   0x08000312   0x00000000   Code   RO          289    .ARM.Collect$$libinit$$0000001B  c_w.l(libinit2.o)
    0x08000312   0x08000312   0x00000000   Code   RO          291    .ARM.Collect$$libinit$$0000001D  c_w.l(libinit2.o)
    0x08000312   0x08000312   0x00000000   Code   RO          293    .ARM.Collect$$libinit$$0000001F  c_w.l(libinit2.o)
    0x08000312   0x08000312   0x00000000   Code   RO          295    .ARM.Collect$$libinit$$00000021  c_w.l(libinit2.o)
    0x08000312   0x08000312   0x00000000   Code   RO          297    .ARM.Collect$$libinit$$00000023  c_w.l(libinit2.o)
    0x08000312   0x08000312   0x00000000   Code   RO          299    .ARM.Collect$$libinit$$00000025  c_w.l(libinit2.o)
    0x08000312   0x08000312   0x00000000   Code   RO          301    .ARM.Collect$$libinit$$00000027  c_w.l(libinit2.o)
    0x08000312   0x08000312   0x00000000   Code   RO          305    .ARM.Collect$$libinit$$0000002E  c_w.l(libinit2.o)
    0x08000312   0x08000312   0x00000000   Code   RO          307    .ARM.Collect$$libinit$$00000030  c_w.l(libinit2.o)
    0x08000312   0x08000312   0x00000000   Code   RO          309    .ARM.Collect$$libinit$$00000032  c_w.l(libinit2.o)
    0x08000312   0x08000312   0x00000000   Code   RO          311    .ARM.Collect$$libinit$$00000034  c_w.l(libinit2.o)
    0x08000312   0x08000312   0x00000002   Code   RO          312    .ARM.Collect$$libinit$$00000035  c_w.l(libinit2.o)
    0x08000314   0x08000314   0x00000002   Code   RO          347    .ARM.Collect$$libshutdown$$00000000  c_w.l(libshutdown.o)
    0x08000316   0x08000316   0x00000000   Code   RO          375    .ARM.Collect$$libshutdown$$00000002  c_w.l(libshutdown2.o)
    0x08000316   0x08000316   0x00000000   Code   RO          377    .ARM.Collect$$libshutdown$$00000004  c_w.l(libshutdown2.o)
    0x08000316   0x08000316   0x00000000   Code   RO          380    .ARM.Collect$$libshutdown$$00000007  c_w.l(libshutdown2.o)
    0x08000316   0x08000316   0x00000000   Code   RO          383    .ARM.Collect$$libshutdown$$0000000A  c_w.l(libshutdown2.o)
    0x08000316   0x08000316   0x00000000   Code   RO          385    .ARM.Collect$$libshutdown$$0000000C  c_w.l(libshutdown2.o)
    0x08000316   0x08000316   0x00000000   Code   RO          388    .ARM.Collect$$libshutdown$$0000000F  c_w.l(libshutdown2.o)
    0x08000316   0x08000316   0x00000002   Code   RO          389    .ARM.Collect$$libshutdown$$00000010  c_w.l(libshutdown2.o)
    0x08000318   0x08000318   0x00000000   Code   RO          219    .ARM.Collect$$rtentry$$00000000  c_w.l(__rtentry.o)
    0x08000318   0x08000318   0x00000000   Code   RO          225    .ARM.Collect$$rtentry$$00000002  c_w.l(__rtentry2.o)
    0x08000318   0x08000318   0x00000006   Code   RO          237    .ARM.Collect$$rtentry$$00000004  c_w.l(__rtentry4.o)
    0x0800031e   0x0800031e   0x00000000   Code   RO          227    .ARM.Collect$$rtentry$$00000009  c_w.l(__rtentry2.o)
    0x0800031e   0x0800031e   0x00000004   Code   RO          228    .ARM.Collect$$rtentry$$0000000A  c_w.l(__rtentry2.o)
    0x08000322   0x08000322   0x00000000   Code   RO          230    .ARM.Collect$$rtentry$$0000000C  c_w.l(__rtentry2.o)
    0x08000322   0x08000322   0x00000008   Code   RO          231    .ARM.Collect$$rtentry$$0000000D  c_w.l(__rtentry2.o)
    0x0800032a   0x0800032a   0x00000002   Code   RO          258    .ARM.Collect$$rtexit$$00000000  c_w.l(rtexit.o)
    0x0800032c   0x0800032c   0x00000000   Code   RO          318    .ARM.Collect$$rtexit$$00000002  c_w.l(rtexit2.o)
    0x0800032c   0x0800032c   0x00000004   Code   RO          319    .ARM.Collect$$rtexit$$00000003  c_w.l(rtexit2.o)
    0x08000330   0x08000330   0x00000006   Code   RO          320    .ARM.Collect$$rtexit$$00000004  c_w.l(rtexit2.o)
    0x08000336   0x08000336   0x00000002   PAD
    0x08000338   0x08000338   0x00000040   Code   RO            4    .text               startup_stm32h750xx.o
    0x08000378   0x08000378   0x000000f0   Code   RO          211    .text               c_w.l(lludivv7m.o)
    0x08000468   0x08000468   0x00000006   Code   RO          215    .text               c_w.l(heapauxi.o)
    0x0800046e   0x0800046e   0x0000004a   Code   RO          241    .text               c_w.l(sys_stackheap_outer.o)
    0x080004b8   0x080004b8   0x00000012   Code   RO          243    .text               c_w.l(exit.o)
    0x080004ca   0x080004ca   0x00000002   PAD
    0x080004cc   0x080004cc   0x00000008   Code   RO          255    .text               c_w.l(libspace.o)
    0x080004d4   0x080004d4   0x0000000c   Code   RO          313    .text               c_w.l(sys_exit.o)
    0x080004e0   0x080004e0   0x00000002   Code   RO          336    .text               c_w.l(use_no_semi.o)
    0x080004e2   0x080004e2   0x00000000   Code   RO          338    .text               c_w.l(indicate_semi.o)
    0x080004e2   0x080004e2   0x00000006   PAD
    0x080004e8   0x080004e8   0x00000002   Code   RO           32    .text.BusFault_Handler  stm32h7xx_it.o
    0x080004ea   0x080004ea   0x00000006   PAD
    0x080004f0   0x080004f0   0x00000002   Code   RO           38    .text.DebugMon_Handler  stm32h7xx_it.o
    0x080004f2   0x080004f2   0x00000006   PAD
    0x080004f8   0x080004f8   0x0000003a   Code   RO           44    .text.EXTI1_IRQHandler  stm32h7xx_it.o
    0x08000532   0x08000532   0x00000006   PAD
    0x08000538   0x08000538   0x00000002   Code   RO           28    .text.HardFault_Handler  stm32h7xx_it.o
    0x0800053a   0x0800053a   0x00000006   PAD
    0x08000540   0x08000540   0x00000220   Code   RO           55    .text.LL_EXTI_Init  stm32h7xx_ll_exti.o
    0x08000760   0x08000760   0x000000ce   Code   RO           69    .text.LL_GPIO_Init  stm32h7xx_ll_gpio.o
    0x0800082e   0x0800082e   0x00000002   PAD
    0x08000830   0x08000830   0x00000028   Code   RO          138    .text.LL_Init1msTick  stm32h7xx_ll_utils.o
    0x08000858   0x08000858   0x000000a8   Code   RO          162    .text.LL_LPUART_Init  stm32h7xx_ll_lpuart.o
    0x08000900   0x08000900   0x00000112   Code   RO           95    .text.LL_RCC_GetLPUARTClockFreq  stm32h7xx_ll_rcc.o
    0x08000a12   0x08000a12   0x00000006   PAD
    0x08000a18   0x08000a18   0x000001a0   Code   RO           85    .text.LL_RCC_GetPLL1ClockFreq  stm32h7xx_ll_rcc.o
    0x08000bb8   0x08000bb8   0x000001a0   Code   RO           89    .text.LL_RCC_GetPLL2ClockFreq  stm32h7xx_ll_rcc.o
    0x08000d58   0x08000d58   0x0000018c   Code   RO           91    .text.LL_RCC_GetPLL3ClockFreq  stm32h7xx_ll_rcc.o
    0x08000ee4   0x08000ee4   0x00000004   PAD
    0x08000ee8   0x08000ee8   0x0000000c   Code   RO          142    .text.LL_SetSystemCoreClock  stm32h7xx_ll_utils.o
    0x08000ef4   0x08000ef4   0x00000004   PAD
    0x08000ef8   0x08000ef8   0x00000002   Code   RO           30    .text.MemManage_Handler  stm32h7xx_it.o
    0x08000efa   0x08000efa   0x00000006   PAD
    0x08000f00   0x08000f00   0x00000002   Code   RO           26    .text.NMI_Handler   stm32h7xx_it.o
    0x08000f02   0x08000f02   0x00000006   PAD
    0x08000f08   0x08000f08   0x00000002   Code   RO           40    .text.PendSV_Handler  stm32h7xx_it.o
    0x08000f0a   0x08000f0a   0x00000006   PAD
    0x08000f10   0x08000f10   0x00000002   Code   RO           36    .text.SVC_Handler   stm32h7xx_it.o
    0x08000f12   0x08000f12   0x00000006   PAD
    0x08000f18   0x08000f18   0x00000002   Code   RO           42    .text.SysTick_Handler  stm32h7xx_it.o
    0x08000f1a   0x08000f1a   0x00000006   PAD
    0x08000f20   0x08000f20   0x0000018e   Code   RO           13    .text.SystemClock_Config  main.o
    0x080010ae   0x080010ae   0x00000002   PAD
    0x080010b0   0x080010b0   0x000000cc   Code   RO          196    .text.SystemInit    system_stm32h7xx.o
    0x0800117c   0x0800117c   0x00000004   PAD
    0x08001180   0x08001180   0x00000002   Code   RO           34    .text.UsageFault_Handler  stm32h7xx_it.o
    0x08001182   0x08001182   0x00000006   PAD
    0x08001188   0x08001188   0x00000282   Code   RO           11    .text.main          main.o
    0x0800140a   0x0800140a   0x0000001a   Code   RO          330    x$fpl$fpinit        fz_wv.l(fpinit.o)
    0x08001424   0x08001424   0x00000010   Data   RO          129    .rodata.LL_RCC_PrescTable  stm32h7xx_ll_rcc.o
    0x08001434   0x08001434   0x00000020   Data   RO          391    Region$$Table       anon$$obj.o


    Execution Region RW_IRAM1 (Exec base: 0x20000000, Load base: 0x08001454, Size: 0x00000000, Max: 0x00020000, ABSOLUTE)

    **** No section assigned to this execution region ****


    Execution Region RW_IRAM2 (Exec base: 0x24000000, Load base: 0x08001458, Size: 0x00000668, Max: 0x00080000, ABSOLUTE)

    Exec Addr    Load Addr    Size         Type   Attr      Idx    E Section Name        Object

    0x24000000   0x08001458   0x00000008   Data   RW          201    .data..L_MergedGlobals  system_stm32h7xx.o
    0x24000008        -       0x00000060   Zero   RW          256    .bss                c_w.l(libspace.o)
    0x24000068        -       0x00000200   Zero   RW            2    HEAP                startup_stm32h750xx.o
    0x24000268        -       0x00000400   Zero   RW            1    STACK               startup_stm32h750xx.o


==============================================================================

Image component sizes


      Code (inc. data)   RO Data    RW Data    ZI Data      Debug   Object Name

      1040          0          0          0          0      16452   main.o
        64         26        664          0       1536        852   startup_stm32h750xx.o
        76          0          0          0          0       3248   stm32h7xx_it.o
       544         14          0          0          0       5354   stm32h7xx_ll_exti.o
       206          0          0          0          0       4861   stm32h7xx_ll_gpio.o
       168         24          0          0          0       5087   stm32h7xx_ll_lpuart.o
      1502         36         16          0          0      35065   stm32h7xx_ll_rcc.o
        52          0          0          0          0      13201   stm32h7xx_ll_utils.o
       204          0          0          8          0       6043   system_stm32h7xx.o

    ----------------------------------------------------------------------
      3938        104        712          8       1536      90163   Object Totals
         0          0         32          0          0          0   (incl. Generated)
        82          4          0          0          0          0   (incl. Padding)

    ----------------------------------------------------------------------

      Code (inc. data)   RO Data    RW Data    ZI Data      Debug   Library Member Name

         8          0          0          0          0         68   __main.o
         0          0          0          0          0          0   __rtentry.o
        12          0          0          0          0          0   __rtentry2.o
         6          0          0          0          0          0   __rtentry4.o
        52          8          0          0          0          0   __scatter.o
        26          0          0          0          0          0   __scatter_copy.o
        28          0          0          0          0          0   __scatter_zi.o
        18          0          0          0          0         80   exit.o
         6          0          0          0          0        152   heapauxi.o
         0          0          0          0          0          0   indicate_semi.o
         2          0          0          0          0          0   libinit.o
         6          0          0          0          0          0   libinit2.o
         2          0          0          0          0          0   libshutdown.o
         2          0          0          0          0          0   libshutdown2.o
         8          4          0          0         96         68   libspace.o
       240          0          0          0          0        100   lludivv7m.o
         2          0          0          0          0          0   rtexit.o
        10          0          0          0          0          0   rtexit2.o
        12          4          0          0          0         68   sys_exit.o
        74          0          0          0          0         80   sys_stackheap_outer.o
         2          0          0          0          0         68   use_no_semi.o
        26          0          0          0          0        116   fpinit.o

    ----------------------------------------------------------------------
       554         16          0          0         96        800   Library Totals
        12          0          0          0          0          0   (incl. Padding)

    ----------------------------------------------------------------------

      Code (inc. data)   RO Data    RW Data    ZI Data      Debug   Library Name

       516         16          0          0         96        684   c_w.l
        26          0          0          0          0        116   fz_wv.l

    ----------------------------------------------------------------------
       554         16          0          0         96        800   Library Totals

    ----------------------------------------------------------------------

==============================================================================


      Code (inc. data)   RO Data    RW Data    ZI Data      Debug   

      4492        120        712          8       1632      90615   Grand Totals
      4492        120        712          8       1632      90615   ELF Image Totals
      4492        120        712          8          0          0   ROM Totals

==============================================================================

    Total RO  Size (Code + RO Data)                 5204 (   5.08kB)
    Total RW  Size (RW Data + ZI Data)              1640 (   1.60kB)
    Total ROM Size (Code + RO Data + RW Data)       5212 (   5.09kB)

==============================================================================

